--------- beginning of main
05-16 09:05:04.498   301   301 I auditd  : type=1403 audit(0.0:2): policy loaded auid=4294967295 ses=4294967295
05-16 09:05:05.350   276   276 I e2fsck  : type=1400 audit(0.0:3): avc: denied { read } for name="mmcblk0p32" dev="tmpfs" ino=2169 scontext=u:r:fsck:s0 tcontext=u:object_r:block_device:s0 tclass=blk_file permissive=1
05-16 09:05:05.350   276   276 I e2fsck  : type=1400 audit(0.0:4): avc: denied { open } for path="/dev/block/mmcblk0p32" dev="tmpfs" ino=2169 scontext=u:r:fsck:s0 tcontext=u:object_r:block_device:s0 tclass=blk_file permissive=1
05-16 09:05:05.350   276   276 I e2fsck  : type=1400 audit(0.0:5): avc: denied { write } for name="mmcblk0p32" dev="tmpfs" ino=2169 scontext=u:r:fsck:s0 tcontext=u:object_r:block_device:s0 tclass=blk_file permissive=1
05-16 09:05:05.350   276   276 I e2fsck  : type=1400 audit(0.0:6): avc: denied { ioctl } for path="/dev/block/mmcblk0p32" dev="tmpfs" ino=2169 ioctlcmd=127c scontext=u:r:fsck:s0 tcontext=u:object_r:block_device:s0 tclass=blk_file permissive=1
05-16 09:05:05.687   302   302 I SELinux : SELinux: Loaded service_contexts from:
05-16 09:05:05.690   302   302 I SELinux :     /system/etc/selinux/plat_service_contexts
05-16 09:05:05.698   304   304 I SELinux : SELinux: Loaded service_contexts from:
05-16 09:05:05.699   304   304 I SELinux :     /vendor/etc/selinux/vndservice_contexts
05-16 09:05:05.964   303   303 I hwservicemanager: hwservicemanager is ready now.
05-16 09:05:08.098   266   266 I init    : type=1400 audit(0.0:7): avc: denied { read } for name="persist" dev="mmcblk0p31" ino=49 scontext=u:r:vendor_init:s0 tcontext=u:object_r:unlabeled:s0 tclass=dir permissive=1
05-16 09:05:08.098   266   266 I init    : type=1400 audit(0.0:8): avc: denied { open } for path="/persist" dev="mmcblk0p31" ino=49 scontext=u:r:vendor_init:s0 tcontext=u:object_r:unlabeled:s0 tclass=dir permissive=1
--------- beginning of system
05-16 09:05:08.196   496   496 I vold    : Vold 3.0 (the awakening) firing up
05-16 09:05:08.197   496   496 V vold    : Detected support for: ext4 f2fs ntfs vfat
05-16 09:05:08.209   496   496 D vold    : Tearing down stale mount /mnt/phh
05-16 09:05:08.210   496   496 V vold    : Found unmanaged dm device named vendor
05-16 09:05:08.211   496   496 W vold    : Failed to LOOP_GET_STATUS64 /dev/block/loop5: No such device or address
05-16 09:05:08.211   496   496 W vold    : Failed to LOOP_GET_STATUS64 /dev/block/loop7: No such device or address
05-16 09:05:08.211   496   496 W vold    : Failed to LOOP_GET_STATUS64 /dev/block/loop6: No such device or address
05-16 09:05:08.212   496   496 W vold    : Failed to LOOP_GET_STATUS64 /dev/block/loop1: No such device or address
05-16 09:05:08.212   496   496 W vold    : Failed to LOOP_GET_STATUS64 /dev/block/loop3: No such device or address
05-16 09:05:08.212   496   496 W vold    : Failed to LOOP_GET_STATUS64 /dev/block/loop2: No such device or address
05-16 09:05:08.212   496   496 W vold    : Failed to LOOP_GET_STATUS64 /dev/block/loop4: No such device or address
05-16 09:05:08.212   496   496 W vold    : Failed to LOOP_GET_STATUS64 /dev/block/loop0: No such device or address
05-16 09:05:08.213   496   496 E vold    : [libfs_mgr]Warning: unknown flag resize
05-16 09:05:08.216   496   496 D vold    : VoldNativeService::start() completed OK
05-16 09:05:08.218   496   496 I Binder:496_2: type=1400 audit(0.0:9): avc: denied { write } for name="uevent" dev="sysfs" ino=45325 scontext=u:r:vold:s0 tcontext=u:object_r:sysfs_mmcblk:s0 tclass=file permissive=1
05-16 09:05:08.222   495   495 I android.hardware.keymaster@3.0-impl: Fetching keymaster device name default
05-16 09:05:08.232   496   500 D vold    : e4crypt_init_user0
05-16 09:05:08.232   496   500 D vold    : e4crypt_prepare_user_storage for volume null, user 0, serial 0, flags 1
05-16 09:05:08.232   496   500 D vold    : Preparing: /data/vendor_de
05-16 09:05:08.232   496   500 E cutils  : Failed to mkdir(/data/vendor_de): Read-only file system
05-16 09:05:08.232   496   500 E vold    : Failed to prepare /data/vendor_de: Read-only file system
05-16 09:05:08.232   496   500 D vold    : Preparing: /data/system/users/0
05-16 09:05:08.232   496   500 E cutils  : Failed to mkdir(/data/system/users/0): No such file or directory
05-16 09:05:08.232   496   500 E vold    : Failed to prepare /data/system/users/0: No such file or directory
05-16 09:05:08.232   496   500 E vold    : Failed to prepare user 0 storage
05-16 09:05:08.254   300   300 E [mTEE]  : [ERROR]: open virtual rpmb failed, wait for FDE done
05-16 09:05:08.256   300   300 E [mTEE]  : [ERROR]: open virtual rpmb failed, wait for FDE done
05-16 09:05:08.258   501   501 I /system/bin/tzdatacheck: timezone distro dir /data/misc/zoneinfo/current does not exist. No action required.
05-16 09:05:08.278   504   504 I Magisk  : Magisk 26.4-kitsune-2(26400) daemon started
05-16 09:05:08.279   504   504 I Magisk  : * Device API level: 28
05-16 09:05:08.279   504   504 I Magisk  : * CPU ABI 64-bit: arm64-v8a
05-16 09:05:08.279   504   504 I Magisk  : * CPU ABI 32-bit: armeabi-v7a,armeabi
05-16 09:05:08.361   300   300 E [mTEE]  : [ERROR]: open virtual rpmb failed, wait for FDE done
05-16 09:05:08.380   495   495 I ServiceManagement: Removing namespace from process name android.hardware.keymaster@3.0-service to keymaster@3.0-service.
05-16 09:05:08.382   495   495 I android.hardware.keymaster@3.0-service: Registration complete for android.hardware.keymaster@3.0::IKeymasterDevice/default.
05-16 09:05:08.511   508   508 I sysinit : Running /system/etc/init.d/00banner
05-16 09:05:08.546   510   510 I lineage : _ _                                       
05-16 09:05:08.567   511   511 I lineage : | (_)_ __   ___  __ _  __ _  ___  ___  ___ 
05-16 09:05:08.587   513   513 I lineage : | | | '_ \ / _ \/ _` |/ _` |/ _ \/ _ \/ __|
05-16 09:05:08.606   514   514 I lineage : | | | | | |  __/ (_| | (_| |  __/ (_) \__ \
05-16 09:05:08.626   515   515 I lineage : |_|_|_| |_|\___|\__,_|\__, |\___|\___/|___/
05-16 09:05:08.676   519   519 I lineage :                       |___/
05-16 09:05:08.685   516   516 I ServiceManagement: Removing namespace from process name android.hidl.allocator@1.0-service to allocator@1.0-service.
05-16 09:05:08.754   517   517 I health@2.0/: health@2.0/backup: Hal starting main loop...
05-16 09:05:08.756   517   517 I health@2.0/: health@2.0/backup Hal is starting up...
05-16 09:05:08.760   303   303 W hwservicemanager: getTransport: Cannot find entry android.hardware.health@1.0::IHealth/default in either framework or device manifest.
05-16 09:05:08.771   517   517 I health@2.0/: health@2.0/backup: Hal init done
05-16 09:05:08.797   520   520 I ServiceManagement: Removing namespace from process name android.hardware.bluetooth@1.0-service-mediatek to bluetooth@1.0-service-mediatek.
05-16 09:05:08.800   520   520 I android.hardware.bluetooth@1.0-service-mediatek: Registration complete for android.hardware.bluetooth@1.0::IBluetoothHci/default.
05-16 09:05:08.838   520   548 W mtk.hal.bt-msg-handler: ThreadRoutine: thread id 548, thread name bt_hal_msg_handl started
05-16 09:05:08.903   529   529 I health@2.0/: health@2.0/default: Hal starting main loop...
05-16 09:05:08.903   529   529 I health@2.0/: health@2.0/default Hal is starting up...
05-16 09:05:08.905   529   529 I ServiceManagement: Removing namespace from process name android.hardware.health@2.0-service to health@2.0-service.
05-16 09:05:08.906   522   522 W /vendor/bin/hw/android.hardware.configstore@1.1-service: libminijail[522]: allowing syscall: connect
05-16 09:05:08.907   522   522 W /vendor/bin/hw/android.hardware.configstore@1.1-service: libminijail[522]: allowing syscall: fcntl
05-16 09:05:08.907   522   522 W /vendor/bin/hw/android.hardware.configstore@1.1-service: libminijail[522]: allowing syscall: sendto
05-16 09:05:08.907   522   522 W /vendor/bin/hw/android.hardware.configstore@1.1-service: libminijail[522]: allowing syscall: socket
05-16 09:05:08.907   522   522 W /vendor/bin/hw/android.hardware.configstore@1.1-service: libminijail[522]: allowing syscall: writev
05-16 09:05:08.908   529   529 I health@2.0/: health@2.0/default: Hal init done
05-16 09:05:08.923   522   522 W /vendor/bin/hw/android.hardware.configstore@1.1-service: libminijail[522]: logging seccomp filter failures
05-16 09:05:08.923   534   534 I ServiceManagement: Removing namespace from process name android.hardware.thermal@1.0-service to thermal@1.0-service.
05-16 09:05:08.925   522   522 I ServiceManagement: Removing namespace from process name android.hardware.configstore@1.1-service to configstore@1.1-service.
05-16 09:05:08.926   534   534 I android.hardware.thermal@1.0-service: Registration complete for android.hardware.thermal@1.0::IThermal/default.
05-16 09:05:08.935   531   531 D lights  : mtk light open: backlight: ok
05-16 09:05:08.936   531   531 E         : light_open lights keyboard failed: -2
05-16 09:05:08.936   531   531 E         : Light passthrough failed to load legacy HAL.
05-16 09:05:08.946   531   531 E         : light_open lights buttons failed: -2
05-16 09:05:08.946   531   531 E         : Light passthrough failed to load legacy HAL.
05-16 09:05:08.947   531   531 E         : light_open lights battery failed: -2
05-16 09:05:08.947   531   531 E         : Light passthrough failed to load legacy HAL.
05-16 09:05:08.954   531   531 E         : light_open lights notifications failed: -2
05-16 09:05:08.954   531   531 E         : Light passthrough failed to load legacy HAL.
05-16 09:05:08.954   531   531 E         : light_open lights attention failed: -2
05-16 09:05:08.954   531   531 E         : Light passthrough failed to load legacy HAL.
05-16 09:05:08.955   531   531 E         : light_open lights bluetooth failed: -22
05-16 09:05:08.955   531   531 E         : Light passthrough failed to load legacy HAL.
05-16 09:05:08.955   531   531 E         : light_open lights wifi failed: -22
05-16 09:05:08.955   531   531 E         : Light passthrough failed to load legacy HAL.
05-16 09:05:08.960   531   531 I ServiceManagement: Removing namespace from process name android.hardware.light@2.0-service-mediatek to light@2.0-service-mediatek.
05-16 09:05:08.991   531   531 I android.hardware.light@2.0-service-mediatek: Registration complete for android.hardware.light@2.0::ILight/default.
05-16 09:05:08.993   536   536 D         : Vibrator using timed_output
05-16 09:05:08.999   536   536 I ServiceManagement: Removing namespace from process name android.hardware.vibrator@1.0-service to vibrator@1.0-service.
05-16 09:05:09.000   530   530 I ServiceManagement: Removing namespace from process name android.hardware.ir@1.0-service to ir@1.0-service.
05-16 09:05:09.001   536   536 I android.hardware.vibrator@1.0-service: Registration complete for android.hardware.vibrator@1.0::IVibrator/default.
05-16 09:05:09.011   530   530 I android.hardware.ir@1.0-service: Registration complete for android.hardware.ir@1.0::IConsumerIr/default.
05-16 09:05:09.016   521   521 D android.hardware.cas@1.0-service: android.hardware.cas@1.0-service starting...
05-16 09:05:09.017   521   521 I ServiceManagement: Removing namespace from process name android.hardware.cas@1.0-service to cas@1.0-service.
05-16 09:05:09.028   526   526 I ServiceManagement: Removing namespace from process name android.hardware.gatekeeper@1.0-service to gatekeeper@1.0-service.
05-16 09:05:09.030   535   535 I ServiceManagement: Removing namespace from process name android.hardware.usb@1.1-service-mediatek to usb@1.1-service-mediatek.
05-16 09:05:09.033   524   524 D android.hardware.drm@1.1-service.clearkey: android.hardware.drm@1.1-service.clearkey starting...
05-16 09:05:09.039   526   526 I android.hardware.gatekeeper@1.0-service: Registration complete for android.hardware.gatekeeper@1.0::IGatekeeper/default.
05-16 09:05:09.040   554   554 I lineage : Welcome to Android 9 / LineageOS-16.0-20191017-UNOFFICIAL-
05-16 09:05:09.046   535   535 I android.hardware.usb@1.1-service-mediatek: USB HAL Ready.
05-16 09:05:09.047   524   524 I ServiceManagement: Removing namespace from process name android.hardware.drm@1.1-service.clearkey to drm@1.1-service.clearkey.
05-16 09:05:09.048   523   523 D android.hardware.drm@1.0-service: android.hardware.drm@1.0-service starting...
05-16 09:05:09.049   539   539 D lbs_hidl_service: [1.06] lbs hidl service is running
05-16 09:05:09.052   524   524 I ServiceManagement: Removing namespace from process name android.hardware.drm@1.1-service.clearkey to drm@1.1-service.clearkey.
05-16 09:05:09.052   544   544 I         : Led hidle service is now ready
05-16 09:05:09.067   550   550 W MTK_FG  : fd < 0, init first!
05-16 09:05:09.067   550   550 E MTK_FG  : init failed, return!
05-16 09:05:09.068   550   550 W MTK_FG  : fd < 0, init first!
05-16 09:05:09.068   550   550 E MTK_FG  : init failed, return!
05-16 09:05:09.068   550   550 W MTK_FG  : fd < 0, init first!
05-16 09:05:09.068   550   550 E MTK_FG  : init failed, return!
05-16 09:05:09.084   547   562 I vendor.mediatek.hardware.power@2.0-service: mtkPowerService - data:0x0
05-16 09:05:09.086   544   544 I ServiceManagement: Removing namespace from process name vendor.mediatek.hardware.led@1.0-service to led@1.0-service.
05-16 09:05:09.095   543   543 I ServiceManagement: Removing namespace from process name vendor.mediatek.hardware.jlinkmmi@1.0-service to jlinkmmi@1.0-service.
05-16 09:05:09.095   552   552 I lowmemorykiller: Using in-kernel low memory killer interface
05-16 09:05:09.101   538   538 I         : [VT][SRV]before VTService_HiDL_instantiate
05-16 09:05:09.116   544   544 I         : Registration complete for vendor.mediatek.hardware.led@1.0::ILed/default.
05-16 09:05:09.119   543   543 I         : MMI HAL Ready.
05-16 09:05:09.138   538   538 D VT HIDL : [IVT] getInstance
05-16 09:05:09.138   538   538 D VT HIDL : [IVT] getInstance : new instance
05-16 09:05:09.155   541   541 I DynamicFpsPolicy: try to new 1 refresh ranges
05-16 09:05:09.161   538   538 I         : Registration complete for vendor.mediatek.hardware.videotelephony@1.0::IVideoTelephony/default.
05-16 09:05:09.162   541   541 I ServiceManagement: Removing namespace from process name vendor.mediatek.hardware.dfps@1.0-service to dfps@1.0-service.
05-16 09:05:09.163   541   569 I DynamicFpsPolicy: oldRequest: fps[0] mode[0] --> newRequest: fps[-1] mode[0] num[r:0|rs:0]
05-16 09:05:09.163   541   569 I DynamicFpsPolicy: oldRequest: fps[-1] mode[0] --> newRequest: fps[-1] mode[0] num[r:0|rs:0]
05-16 09:05:09.169   518   518 D mtkaudiohalservice: Start audiohalservice
05-16 09:05:09.174   541   541 I vendor.mediatek.hardware.dfps@1.0-service: Registration complete for vendor.mediatek.hardware.dfps@1.0::IFpsPolicyService/default.
05-16 09:05:09.177   303   303 W hwservicemanager: getTransport: Cannot find entry android.hardware.thermal@1.1::IThermal/default in either framework or device manifest.
05-16 09:05:09.178   555   555 W thermalserviced: Unable to get Thermal HAL V1.1, vendor thermal event notification not available
05-16 09:05:09.179   518   518 D mtkaudiohalservice: registering IDevicesFactory
05-16 09:05:09.186   537   537 I android.hardware.wifi@1.0-service-mediatek: Wifi Hal is booting up...
05-16 09:05:09.187   537   537 I ServiceManagement: Removing namespace from process name android.hardware.wifi@1.0-service-mediatek to wifi@1.0-service-mediatek.
05-16 09:05:09.187   557   557 E ccci_fsd(0): md_fsd Ver:v2.3, CCCI Ver:6
05-16 09:05:09.204   549   549 E vendor.microtrust.hardware.capi@2.0-service: [ERROR]: Client Api Hardware service is starting
05-16 09:05:09.205   549   549 I ServiceManagement: Removing namespace from process name vendor.microtrust.hardware.capi@2.0-service to capi@2.0-service.
05-16 09:05:09.238   549   549 E vendor.microtrust.hardware.capi@2.0-service: [ERROR]: CApi Daemon HAL Ready.
05-16 09:05:09.243   560   560 I sysinit : Running /system/etc/init.d/90userinit
05-16 09:05:09.250   545   545 E MtkCodecService: MtkCodecService service create
05-16 09:05:09.251   525   525 D android.hardware.drm@1.0-service.widevine: android.hardware.drm@1.1-service.widevine starting...
05-16 09:05:09.255   546   546 D NVRAM   : Nvram hidle service is now ready
05-16 09:05:09.256   545   545 I ServiceManagement: Removing namespace from process name vendor.mediatek.hardware.mtkcodecservice@1.1-service to mtkcodecservice@1.1-service.
05-16 09:05:09.263   556   556 E ccci_fsd(0): md_fsd Ver:v2.3, CCCI Ver:6
05-16 09:05:09.264   556   556 D STORAGE_OTP: Kernel version: 4.4.146+
05-16 09:05:09.264   556   556 D STORAGE_OTP: /dev/otp is not existed, not legacy version.
05-16 09:05:09.265   556   556 D STORAGE_OTP: [emmc]  does not exist
05-16 09:05:09.265   556   556 D STORAGE_OTP: storage otp device init failed
05-16 09:05:09.265   556   556 E ccci_fsd(1): FS_OTP_init:otp_open failed, errno=2!
05-16 09:05:09.265   556   556 E ccci_fsd(1): can't catch SIGKILL
05-16 09:05:09.266   525   525 I ServiceManagement: Removing namespace from process name android.hardware.drm@1.1-service.widevine to drm@1.1-service.widevine.
05-16 09:05:09.270   539   574 D lbs_hidl_service: successfully timer created id= 497339650048
05-16 09:05:09.276   568   568 I wmt_launcher: get property(vendor.connsys.driver.ready) is no
05-16 09:05:09.277   559   559 I ccci_mdinit: (3):disable aee
05-16 09:05:09.278   545   545 I vendor.mediatek.hardware.mtkcodecservice@1.0-service: Registration complete for vendor.mediatek.hardware.mtkcodecservice@1.1::IMtkCodecService/default.
05-16 09:05:09.279   559   559 V ccci_mdinit: (3):parse_info name:modem en
05-16 09:05:09.280   518   518 I ServiceManagement: Removing namespace from process name android.hardware.audio@4.0-service-mediatek to audio@4.0-service-mediatek.
05-16 09:05:09.280   528   528 D PQ      : [PQ_PROT] [PQCust] libpq_cust_base.so OK, libpq_cust.so absent
05-16 09:05:09.282   559   559 V ccci_mdinit: (3):parse_info name:ccci_drv_ver
05-16 09:05:09.282   559   559 V ccci_mdinit: (3):md not enabled, exit
05-16 09:05:09.283   528   528 I hwcomposer: [BLTDEV] create BlitDevice  
05-16 09:05:09.284   525   525 I ServiceManagement: Removing namespace from process name android.hardware.drm@1.1-service.widevine to drm@1.1-service.widevine.
05-16 09:05:09.286   533   533 I ServiceManagement: Removing namespace from process name android.hardware.memtrack@1.0-service to memtrack@1.0-service.
05-16 09:05:09.287   566   566 I wmt_loader: Can't open device node(/dev/wmtdetect) count(1)
05-16 09:05:09.287   546   546 I ServiceManagement: Removing namespace from process name vendor.mediatek.hardware.nvram@1.1-service to nvram@1.1-service.
05-16 09:05:09.289   563   563 D ccci_rpcd: ccci_rpcd Ver:v2.00, CCCI Ver:6
05-16 09:05:09.289   518   518 I mtkaudiohalservice: Registration complete for android.hardware.audio@4.0::IDevicesFactory/default.
05-16 09:05:09.289   563   563 D ccci_rpcd: register signal hadler
05-16 09:05:09.289   518   518 D mtkaudiohalservice: registered IDevicesFactory
05-16 09:05:09.289   518   518 D mtkaudiohalservice: registering IEffectsFactory
05-16 09:05:09.289   563   563 D ccci_rpcd: TC1 lib not support for current project
05-16 09:05:09.290   577   577 I ueventd : type=1400 audit(0.0:10): avc: denied { search } for name="firmware" dev="mmcblk0p31" ino=25 scontext=u:r:ueventd:s0 tcontext=u:object_r:unlabeled:s0 tclass=dir permissive=1
05-16 09:05:09.291   542   542 D         : hal2mnl_hal_reboot: hal2mnl_hal_reboot
05-16 09:05:09.291   542   542 E         : safe_sendto: safe_sendto() sendto() failed path=[mtk_hal2mnl] ret=-1 reason=[Connection refused]111
05-16 09:05:09.292   528   528 I hwcomposer: [HWC] FD resource: cur[32768]  max[32768]
05-16 09:05:09.292   528   528 I hwcomposer:   
05-16 09:05:09.292   533   533 I android.hardware.memtrack@1.0-service: Registration complete for android.hardware.memtrack@1.0::IMemtrack/default.
05-16 09:05:09.294   577   577 I ueventd : type=1400 audit(0.0:11): avc: denied { read } for name="image" dev="mmcblk0p31" ino=26 scontext=u:r:ueventd:s0 tcontext=u:object_r:unlabeled:s0 tclass=lnk_file permissive=1
05-16 09:05:09.294   546   546 I NVRAM   : Registration complete for vendor.mediatek.hardware.nvram@1.1::INvram/default.
05-16 09:05:09.297   542   542 I ServiceManagement: Removing namespace from process name vendor.mediatek.hardware.gnss@1.1-service to gnss@1.1-service.
05-16 09:05:09.299   528   528 I ServiceManagement: Removing namespace from process name android.hardware.graphics.composer@2.1-service to composer@2.1-service.
05-16 09:05:09.302   542   542 I vendor.mediatek.hardware.gnss@1.1-service: Registration complete for vendor.mediatek.hardware.gnss@1.1::IMtkGnss/default.
05-16 09:05:09.303   528   528 I android.hardware.graphics.composer@2.1-service: Registration complete for android.hardware.graphics.composer@2.1::IComposer/default.
05-16 09:05:09.318   558   558 I ccci_mdinit: (1):disable aee
05-16 09:05:09.331   558   558 D ccci_mdinit: (1):LK Load MD:[Enabled](0x00000001)
05-16 09:05:09.331   558   558 D ccci_mdinit: LK load MD success!(53)
05-16 09:05:09.331   558   558 D ccci_mdinit: (1):LK load modem success
05-16 09:05:09.334   558   558 V ccci_mdinit: (1):parse_info name:modem en
05-16 09:05:09.334   558   558 V ccci_mdinit: (1):parse_info name:ccci_drv_ver
05-16 09:05:09.335   558   558 I ccci_mdinit: (1):md_init ver:2.30, sub:0, 1
05-16 09:05:09.335   558   558 D ccci_mdinit: (1):set md status:vendor.mtk.md1.status=init 
05-16 09:05:09.335   547   561 I powerd  : [powerd_core_pre_init] i:0, tmp_hint:0
05-16 09:05:09.336   547   561 I libPowerHal: perfservice ver:V7.0
05-16 09:05:09.336   547   561 I libPowerHal: checkDrvSupport hps failed: No such file or directory
05-16 09:05:09.337   547   561 I libPowerHal: checkDrvSupport cpufreq failed: No such file or directory
05-16 09:05:09.337   547   561 E libPowerHal: Could not open '/proc/perfmgr/smart/smart_turbo_support'
05-16 09:05:09.337   547   561 E libPowerHal: error : 2, No such file or directory
05-16 09:05:09.337   547   561 I libPowerHal: checkDrvSupport - perfmgr:1, ppm:1, ppmAll:1, acao:1, hmp:1, hps:0, hevc:0, fliper:0, sysfs:1, dvfs:1, turbo:0, fstb:1
05-16 09:05:09.337   547   561 I libPowerHal: getCputopoInfo - cpuNum:4, cluster:1, cputopoCluster:1
05-16 09:05:09.338   547   561 I libPowerHal: [cluster 0]: cpu:4, first:0, freq count:16, max_freq:1495000
05-16 09:05:09.338   547   561 I libPowerHal:   0: 299000
05-16 09:05:09.338   547   561 I libPowerHal:   1: 338000
05-16 09:05:09.338   547   561 I libPowerHal:   2: 416000
05-16 09:05:09.338   547   561 I libPowerHal:   3: 546000
05-16 09:05:09.338   547   561 I libPowerHal:   4: 624000
05-16 09:05:09.338   547   561 I libPowerHal:   5: 702000
05-16 09:05:09.338   547   561 I libPowerHal:   6: 845000
05-16 09:05:09.338   547   561 I libPowerHal:   7: 910000
05-16 09:05:09.338   547   561 I libPowerHal:   8: 962000
05-16 09:05:09.338   547   561 I libPowerHal:   9: 1001000
05-16 09:05:09.338   547   561 I libPowerHal:   10: 1053000
05-16 09:05:09.338   547   561 I libPowerHal:   11: 1105000
05-16 09:05:09.338   547   561 I libPowerHal:   12: 1170000
05-16 09:05:09.338   547   561 I libPowerHal:   13: 1274000
05-16 09:05:09.338   547   561 I libPowerHal:   14: 1378000
05-16 09:05:09.339   547   561 I libPowerHal:   15: 1495000
05-16 09:05:09.339   547   561 E libPowerHal: Could not open '/sys/kernel/debug/fpsgo/fstb/fstb_soft_level'
05-16 09:05:09.339   547   561 E libPowerHal: error : 2, No such file or directory
05-16 09:05:09.339   547   561 I libPowerHal: pFstbDefaultFps:1 60-26 
05-16 09:05:09.339   547   561 I libPowerHal: nGpuFreqCount:4
05-16 09:05:09.339   558   558 I ccci_mdinit: (1):MD0 set status: mtk.md0.status=init 
05-16 09:05:09.339   558   558 I ccci_mdinit: (1):service names: [init.svc.vendor.gsm0710muxd][init.svc.vendor.ril-daemon-mtk][init.svc.emdlogger1][init.svc.vendor.ccci_fsd]
05-16 09:05:09.340   558   558 D ccci_mdinit: (1):/dev/ccci_monitor is opened(0).
05-16 09:05:09.340   558   558 I ccci_mdinit: (1):md_img_exist 0 0 0 0
05-16 09:05:09.341   558   558 D ccci_mdinit: (1):time_srv_init++
05-16 09:05:09.341   558   558 D ccci_mdinit: (1):load_timezone++
05-16 09:05:09.341   558   558 E ccci_mdinit: (1):Open time zone setting fail(R):-1(2)
05-16 09:05:09.342   558   558 D ccci_mdinit: (1):md env r
05-16 09:05:09.342   558   558 D ccci_mdinit: (1):No /data/vendor/ccci_cfg dir.
05-16 09:05:09.342   558   558 D ccci_mdinit: (1):mkdir for ccci_cfg failed.
05-16 09:05:09.343   558   558 D ccci_mdinit: (1):get_rat_cfg: 0x3f(@prj), 0x3f(@lk), 0x0(@store)
05-16 09:05:09.343   558   558 D ccci_mdinit: (1):trigger modem to run! 0 1
05-16 09:05:09.343   547   561 E libPowerHal: No GiFT Tags
05-16 09:05:09.343   547   561 I libPowerHal: [init] nXmlPackNum:15 nXmlActivityNum:15 nXmlCmdNum:18 nXmlGiftTagNum:0 nXmlGiftAttrNum:0
05-16 09:05:09.343   558   558 D ccci_mdinit: (1):set md status:vendor.mtk.md1.status=reset 
05-16 09:05:09.344   547   561 I libPowerHal: [xmlparser_start] XMLPARSE_GET_ACTIVITYLIST CmdIndex:0 cmd:CMD_SET_CLUSTER_CPU_CORE_MIN pack:com.imangi.templerun2, activity:Common0 p1:0 p2:3 p3:0 p4:0
05-16 09:05:09.344   547   561 I libPowerHal: [xmlparser_start] XMLPARSE_GET_ACTIVITYLIST CmdIndex:1 cmd:CMD_SET_SPORTS_MODE pack:com.andromeda.androbench2, activity:Common1 p1:1 p2:0 p3:0 p4:0
05-16 09:05:09.344   547   561 I libPowerHal: [xmlparser_start] XMLPARSE_GET_ACTIVITYLIST CmdIndex:2 cmd:CMD_SET_SPORTS_MODE pack:com.futuremark.pcmark.android.benchmark, activity:Common2 p1:1 p2:0 p3:0 p4:0
05-16 09:05:09.344   547   561 I libPowerHal: [xmlparser_start] XMLPARSE_GET_ACTIVITYLIST CmdIndex:3 cmd:CMD_SET_SPORTS_MODE pack:com.futuremark.dmandroid.application, activity:Common3 p1:1 p2:0 p3:0 p4:0
05-16 09:05:09.345   547   561 I libPowerHal: [xmlparser_start] XMLPARSE_GET_ACTIVITYLIST CmdIndex:4 cmd:CMD_SET_SPORTS_MODE pack:com.antutu.ABenchMark, activity:Common4 p1:1 p2:0 p3:0 p4:0
05-16 09:05:09.345   547   561 I libPowerHal: [xmlparser_start] XMLPARSE_GET_ACTIVITYLIST CmdIndex:5 cmd:CMD_SET_SPORTS_MODE pack:com.antutu.benchmark.full, activity:Common5 p1:1 p2:0 p3:0 p4:0
05-16 09:05:09.345   547   561 I libPowerHal: [xmlparser_start] XMLPARSE_GET_ACTIVITYLIST CmdIndex:6 cmd:CMD_SET_SPORTS_MODE pack:com.primatelabs.geekbench, activity:Common6 p1:1 p2:0 p3:0 p4:0
05-16 09:05:09.345   547   561 I libPowerHal: [xmlparser_start] XMLPARSE_GET_ACTIVITYLIST CmdIndex:7 cmd:CMD_SET_SPORTS_MODE pack:com.aurorasoftworks.quadrant.ui.professional, activity:Common7 p1:1 p2:0 p3:0 p4:0
05-16 09:05:09.345   547   561 I libPowerHal: [xmlparser_start] XMLPARSE_GET_ACTIVITYLIST CmdIndex:8 cmd:CMD_SET_SPORTS_MODE pack:com.aurorasoftworks.quadrant.ui.advanced, activity:Common8 p1:1 p2:0 p3:0 p4:0
05-16 09:05:09.345   547   561 I libPowerHal: [xmlparser_start] XMLPARSE_GET_ACTIVITYLIST CmdIndex:9 cmd:CMD_SET_SPORTS_MODE pack:com.ludashi.benchmark, activity:Common9 p1:1 p2:0 p3:0 p4:0
05-16 09:05:09.345   547   561 I libPowerHal: [xmlparser_start] XMLPARSE_GET_ACTIVITYLIST CmdIndex:10 cmd:CMD_SET_PACK_BOOST_TIMEOUT pack:com.tencent.tmgp.sgame, activity:Common10 p1:25 p2:0 p3:0 p4:0
05-16 09:05:09.345   547   561 I libPowerHal: [xmlparser_start] XMLPARSE_GET_ACTIVITYLIST CmdIndex:11 cmd:CMD_SET_FSTB_FPS pack:com.tencent.tmgp.sgame, activity:Common10 p1:60 p2:30 p3:0 p4:0
05-16 09:05:09.345   547   561 I libPowerHal: [xmlparser_start] XMLPARSE_GET_ACTIVITYLIST CmdIndex:12 cmd:CMD_SET_FBT_FLOOR_BOUND pack:com.tencent.tmgp.sgame, activity:Common10 p1:1 p2:0 p3:0 p4:0
05-16 09:05:09.345   547   561 I libPowerHal: [xmlparser_start] XMLPARSE_GET_ACTIVITYLIST CmdIndex:13 cmd:CMD_SET_FBT_KMIN pack:com.tencent.tmgp.sgame, activity:Common10 p1:10 p2:0 p3:0 p4:0
05-16 09:05:09.345   547   561 I libPowerHal: [xmlparser_start] XMLPARSE_GET_ACTIVITYLIST CmdIndex:14 cmd:CMD_SET_FSTB_FPS pack:com.gameloft.android.ANMP.GloftA8HM, activity:Common11 p1:30 p2:30 p3:0 p4:0
05-16 09:05:09.345   547   561 I libPowerHal: [xmlparser_start] XMLPARSE_GET_ACTIVITYLIST CmdIndex:15 cmd:CMD_SET_FSTB_FPS pack:com.happyelements.AndroidAnimal.qq, activity:Common12 p1:60 p2:60 p3:0 p4:0
05-16 09:05:09.345   547   561 I libPowerHal: [xmlparser_start] XMLPARSE_GET_ACTIVITYLIST CmdIndex:16 cmd:CMD_SET_FSTB_FPS pack:com.happyelements.AndroidAnimal, activity:Common13 p1:60 p2:60 p3:0 p4:0
05-16 09:05:09.346   547   561 I libPowerHal: [xmlparser_start] XMLPARSE_GET_ACTIVITYLIST CmdIndex:17 cmd:CMD_SET_FBT_KMIN pack:com.king.candycrushsaga, activity:Common14 p1:10 p2:0 p3:0 p4:0
05-16 09:05:09.346   547   561 I libPowerHal: [get_activity_totalnum]  total ture activity num :15
05-16 09:05:09.346   547   561 I libPowerHal: [init] nPackNum:15
05-16 09:05:09.347   558   583 D ccci_mdinit: (1):monitor_time_update_thread++
05-16 09:05:09.348   558   583 D ccci_mdinit: (1):load_timezone++
05-16 09:05:09.348   558   583 E ccci_mdinit: (1):Open time zone setting fail(R):-1(2)
05-16 09:05:09.348   558   583 D ccci_mdinit: (1):Umonitor_time_update_thread begin to run
05-16 09:05:09.348   558   583 I ccci_mdinit: (1):Update time to md by ipc port fail(25)
05-16 09:05:09.349   547   561 I libPowerHal: prefix is empty
05-16 09:05:09.350   547   561 I libPowerHal: prefix is empty
05-16 09:05:09.350   558   558 I ccci_mdinit: (1):MD1 set status: mtk.md1.status=reset 
05-16 09:05:09.350   547   561 I libPowerHal: prefix is empty
05-16 09:05:09.350   547   561 I libPowerHal: CMD_SET_PPM_ROOT_CLUSTER doesn't have write permission!!!!
05-16 09:05:09.350   547   561 I libPowerHal: write of /proc/ppm/root_cluster failed: No such file or directory
05-16 09:05:09.350   547   561 E libPowerHal: Could not open '/proc/ppm/root_cluster'
05-16 09:05:09.350   547   561 E libPowerHal: error : 2, No such file or directory
05-16 09:05:09.350   547   561 I libPowerHal: prefix is empty
05-16 09:05:09.350   547   561 I libPowerHal: CMD_SET_HPS_UP_THRESHOLD doesn't have write permission!!!!
05-16 09:05:09.350   547   561 I libPowerHal: write of /proc/hps/up_threshold failed: No such file or directory
05-16 09:05:09.350   547   561 I libPowerHal: prefix is empty
05-16 09:05:09.350   547   561 I libPowerHal: CMD_SET_HPS_DOWN_THRESHOLD doesn't have write permission!!!!
05-16 09:05:09.350   547   561 I libPowerHal: write of /proc/hps/down_threshold failed: No such file or directory
05-16 09:05:09.350   547   561 I libPowerHal: prefix is empty
05-16 09:05:09.351   547   561 I libPowerHal: CMD_SET_VCORE_BW_THRES doesn't have write permission!!!!
05-16 09:05:09.351   547   561 I libPowerHal: write of /proc/fliperfs/cg_threshold failed: No such file or directory
05-16 09:05:09.351   547   561 I libPowerHal: prefix is empty
05-16 09:05:09.351   547   561 I libPowerHal: CMD_SET_VCORE_BW_ENABLED doesn't have write permission!!!!
05-16 09:05:09.351   547   561 I libPowerHal: write of /proc/fliperfs/cg_enable failed: No such file or directory
05-16 09:05:09.351   547   561 I libPowerHal: prefix is empty
05-16 09:05:09.351   547   561 I chatty  : uid=1000(system) power@2.0-servi identical 1 line
05-16 09:05:09.352   547   561 I libPowerHal: prefix is empty
05-16 09:05:09.352   558   558 I ccci_mdinit: (1):start_service init.svc.vendor.ccci_fsd, current state:running, returned:7
05-16 09:05:09.353   547   561 I libPowerHal: prefix is empty
05-16 09:05:09.353   547   561 I libPowerHal: CMD_SET_HPS_RBOOST_THRESH doesn't have write permission!!!!
05-16 09:05:09.353   547   561 I libPowerHal: write of /proc/hps/rush_boost_threshold failed: No such file or directory
05-16 09:05:09.353   547   561 I libPowerHal: prefix is empty
05-16 09:05:09.353   547   561 I libPowerHal: CMD_SET_PPM_HOLD_TIME_LL_ONLY doesn't have write permission!!!!
05-16 09:05:09.353   547   561 I libPowerHal: write of /proc/ppm/policy/hica_settings/LL_ONLY_to_ALL/capacity_hold_time failed: No such file or directory
05-16 09:05:09.353   547   561 I libPowerHal: prefix is empty
05-16 09:05:09.354   547   561 I chatty  : uid=1000(system) power@2.0-servi identical 3 lines
05-16 09:05:09.354   547   561 I libPowerHal: prefix is empty
05-16 09:05:09.355   518   518 I mtkaudiohalservice: Registration complete for android.hardware.audio.effect@4.0::IEffectsFactory/default.
05-16 09:05:09.355   518   518 D mtkaudiohalservice: registered IEffectsFactory
05-16 09:05:09.355   518   518 D mtkaudiohalservice: registering ISoundTriggerHw sound_trigger.primary
05-16 09:05:09.356   547   561 I libPowerHal: prefix is empty
05-16 09:05:09.356   303   303 W hwservicemanager: getTransport: Cannot find entry android.hardware.soundtrigger@2.1::ISoundTriggerHw/default in either framework or device manifest.
05-16 09:05:09.356   547   561 I libPowerHal: prefix is empty
05-16 09:05:09.356   547   561 I libPowerHal: CMD_SET_SMART_FORCE_ISOLATE doesn't have write permission!!!!
05-16 09:05:09.356   547   561 I libPowerHal: write of /proc/perfmgr/smart/smart_force_isolate failed: No such file or directory
05-16 09:05:09.357   547   561 E libPowerHal: Could not open '/proc/perfmgr/smart/smart_force_isolate'
05-16 09:05:09.357   547   561 E libPowerHal: error : 2, No such file or directory
05-16 09:05:09.357   547   561 I libPowerHal: prefix is empty
05-16 09:05:09.358   558   558 I ccci_mdinit: (1):wait_for_property:success(init.svc.vendor.ccci_fsd=running), loop:600
05-16 09:05:09.358   547   561 I libPowerHal: prefix is empty
05-16 09:05:09.358   558   558 D ccci_lib: ccb_info_len=20
05-16 09:05:09.358   547   561 I libPowerHal: prefix is empty
05-16 09:05:09.358   558   558 D ccci_lib: new ccb_ctrl mmap on /dev/ccci_ccb_ctrl(8) for addr=0x72018000, len=4096
05-16 09:05:09.358   558   558 D ccci_lib: user 57 DL, slot 0, address=0xed939000 (1024, 32768)
05-16 09:05:09.358   558   558 D ccci_lib: user 57 UL, slot 0, address=0xed939020 (1024, 32768)
05-16 09:05:09.358   558   558 D ccci_lib: user 57 DL, slot 1, address=0xed939040 (20480, 122880)
05-16 09:05:09.358   558   558 D ccci_lib: user 57 UL, slot 1, address=0xed939060 (128, 128)
05-16 09:05:09.358   558   558 D ccci_lib: user 57 DL, slot 2, address=0xed939080 (512, 36864)
05-16 09:05:09.359   547   561 I libPowerHal: prefix is empty
05-16 09:05:09.359   547   561 I libPowerHal: prefix is empty
05-16 09:05:09.359   547   561 I libPowerHal: CMD_SET_SCHED_LB_ENABLE doesn't have write permission!!!!
05-16 09:05:09.359   547   561 I libPowerHal: write of /sys/devices/system/cpu/sched/lb_enhance_enable failed: No such file or directory
05-16 09:05:09.359   547   561 E libPowerHal: Could not open '/sys/devices/system/cpu/sched/lb_enhance_enable'
05-16 09:05:09.359   558   558 D ccci_lib: user 57 UL, slot 2, address=0xed9390a0 (1024, 32768)
05-16 09:05:09.359   558   558 D ccci_lib: user 57 DL, slot 3, address=0xed9390c0 (512, 32768)
05-16 09:05:09.360   558   558 D ccci_lib: user 57 UL, slot 3, address=0xed9390e0 (128, 128)
05-16 09:05:09.360   547   561 E libPowerHal: error : 2, No such file or directory
05-16 09:05:09.360   558   558 D ccci_lib: user 57 DL, slot 4, address=0xed939100 (512, 32768)
05-16 09:05:09.360   547   561 I libPowerHal: prefix is empty
05-16 09:05:09.360   558   558 D ccci_lib: user 57 UL, slot 4, address=0xed939120 (128, 128)
05-16 09:05:09.360   558   558 D ccci_lib: user 57 DL, slot 5, address=0xed939140 (512, 131072)
05-16 09:05:09.360   558   558 D ccci_lib: user 57 UL, slot 5, address=0xed939160 (128, 128)
05-16 09:05:09.360   558   558 D ccci_lib: user 57 DL, slot 6, address=0xed939180 (128, 128)
05-16 09:05:09.360   558   558 D ccci_lib: user 57 UL, slot 6, address=0xed9391a0 (128, 128)
05-16 09:05:09.360   558   558 D ccci_lib: user 57 DL, slot 7, address=0xed9391c0 (128, 128)
05-16 09:05:09.360   558   558 D ccci_lib: user 57 UL, slot 7, address=0xed9391e0 (128, 128)
05-16 09:05:09.360   547   561 I libPowerHal: prefix is empty
05-16 09:05:09.360   558   558 D ccci_lib: user 57 DL, slot 8, address=0xed939200 (128, 128)
05-16 09:05:09.360   558   558 D ccci_lib: user 57 UL, slot 8, address=0xed939220 (128, 128)
05-16 09:05:09.360   558   558 D ccci_lib: user 57 DL, slot 9, address=0xed939240 (128, 128)
05-16 09:05:09.360   547   561 I libPowerHal: prefix is empty
05-16 09:05:09.360   558   558 D ccci_lib: user 57 UL, slot 9, address=0xed939260 (128, 128)
05-16 09:05:09.360   558   558 D ccci_lib: user 57 DL, slot 10, address=0xed939280 (128, 128)
05-16 09:05:09.360   558   558 D ccci_lib: user 57 UL, slot 10, address=0xed9392a0 (128, 128)
05-16 09:05:09.360   558   558 D ccci_lib: user 57 DL, slot 11, address=0xed9392c0 (128, 128)
05-16 09:05:09.360   558   558 D ccci_lib: user 57 UL, slot 11, address=0xed9392e0 (128, 128)
05-16 09:05:09.360   558   558 D ccci_lib: user 57 DL, slot 12, address=0xed939300 (128, 128)
05-16 09:05:09.360   558   558 D ccci_lib: user 57 UL, slot 12, address=0xed939320 (128, 128)
05-16 09:05:09.360   558   558 D ccci_lib: user 57 DL, slot 13, address=0xed939340 (128, 128)
05-16 09:05:09.360   558   558 D ccci_lib: user 57 UL, slot 13, address=0xed939360 (128, 128)
05-16 09:05:09.360   558   558 D ccci_lib: user 57 DL, slot 14, address=0xed939380 (128, 128)
05-16 09:05:09.360   558   558 D ccci_lib: user 57 UL, slot 14, address=0xed9393a0 (128, 128)
05-16 09:05:09.360   558   558 D ccci_lib: user 57 DL, slot 15, address=0xed9393c0 (128, 128)
05-16 09:05:09.360   558   558 D ccci_lib: user 57 UL, slot 15, address=0xed9393e0 (128, 128)
05-16 09:05:09.360   558   558 D ccci_lib: user 57 DL, slot 16, address=0xed939400 (128, 128)
05-16 09:05:09.360   558   558 D ccci_lib: user 57 UL, slot 16, address=0xed939420 (128, 128)
05-16 09:05:09.360   558   558 D ccci_lib: user 57 DL, slot 17, address=0xed939440 (128, 640)
05-16 09:05:09.360   558   558 D ccci_lib: user 57 UL, slot 17, address=0xed939460 (128, 128)
05-16 09:05:09.360   558   558 D ccci_lib: munmap on (8) for addr=0xed939000, len=4096
05-16 09:05:09.360   558   558 D ccci_lib: init user57 md0 ret=0
05-16 09:05:09.361   558   558 D ccci_lib: ccb_info_len=20
05-16 09:05:09.361   518   518 E mtkaudiohalservice: Could not get passthrough implementation for android.hardware.soundtrigger@2.1::ISoundTriggerHw/default.
05-16 09:05:09.361   547   561 I libPowerHal: prefix is empty
05-16 09:05:09.361   518   518 D mtkaudiohalservice: registered ISoundTriggerHwsound_trigger.primary
05-16 09:05:09.361   518   518 W mtkaudiohalservice: Could not register soundtrigger API 2.1
05-16 09:05:09.361   518   518 D mtkaudiohalservice: registering IBluetoothAudioOffload
05-16 09:05:09.361   547   561 I libPowerHal: [updateScnListfromXML] new activity from perf_app, num:0
05-16 09:05:09.362   547   561 I libPowerHal: [updateScnListfromXML] new activity from perf_app and whiteList, num:15
05-16 09:05:09.362   303   303 W hwservicemanager: getTransport: Cannot find entry android.hardware.bluetooth.a2dp@1.0::IBluetoothAudioOffload/default in either framework or device manifest.
05-16 09:05:09.363   518   518 E mtkaudiohalservice: Could not get passthrough implementation for android.hardware.bluetooth.a2dp@1.0::IBluetoothAudioOffload/default.
05-16 09:05:09.363   518   518 D mtkaudiohalservice: registered IBluetoothAudioOffload
05-16 09:05:09.363   518   518 W mtkaudiohalservice: Could not register Bluetooth audio offload 1.0
05-16 09:05:09.363   558   558 D ccci_lib: new ccb_ctrl mmap on /dev/ccci_ccb_ctrl(8) for addr=0x72018000, len=4096
05-16 09:05:09.364   558   558 D ccci_lib: user 58 DL, slot 18, address=0xed939480 (512, 16384)
05-16 09:05:09.364   558   558 D ccci_lib: user 58 UL, slot 18, address=0xed9394a0 (1024, 16384)
05-16 09:05:09.364   558   558 D ccci_lib: munmap on (8) for addr=0xed939000, len=4096
05-16 09:05:09.364   558   558 D ccci_lib: init user58 md0 ret=0
05-16 09:05:09.364   558   558 D ccci_lib: ccb_info_len=20
05-16 09:05:09.364   558   558 D ccci_lib: new ccb_ctrl mmap on /dev/ccci_ccb_ctrl(8) for addr=0x72018000, len=4096
05-16 09:05:09.364   558   558 D ccci_lib: user 59 DL, slot 19, address=0xed9394c0 (66560, 532480)
05-16 09:05:09.364   558   558 D ccci_lib: user 59 UL, slot 19, address=0xed9394e0 (66560, 532480)
05-16 09:05:09.364   558   558 D ccci_lib: munmap on (8) for addr=0xed939000, len=4096
05-16 09:05:09.365   547   561 I libPowerHal: [updateCusScnTable] cmd:CMD_SET_CLUSTER_CPU_CORE_MIN, scn:17, param_1:0, param_2:4
05-16 09:05:09.365   547   561 I libPowerHal: [updateCusScnTable] cmd:CMD_SET_CLUSTER_CPU_FREQ_MIN, scn:17, param_1:0, param_2:3000000
05-16 09:05:09.365   547   561 I libPowerHal: [updateCusScnTable] cmd:CMD_SET_VCORE_MIN, scn:17, param_1:0, param_2:3000000
05-16 09:05:09.365   547   561 I libPowerHal: [updateCusScnTable] cmd:CMD_SET_TA_BOOST_VALUE, scn:17, param_1:1100, param_2:3000000
05-16 09:05:09.365   547   561 I libPowerHal: [updateCusScnTable] cmd:CMD_SET_CLUSTER_CPU_CORE_MIN, scn:16, param_1:0, param_2:4
05-16 09:05:09.365   558   558 D ccci_lib: init user59 md0 ret=0
05-16 09:05:09.365   547   561 I libPowerHal: [updateCusScnTable] cmd:CMD_SET_CLUSTER_CPU_FREQ_MIN, scn:16, param_1:0, param_2:3000000
05-16 09:05:09.365   547   561 I libPowerHal: [updateCusScnTable] cmd:CMD_SET_VCORE_MIN, scn:16, param_1:0, param_2:3000000
05-16 09:05:09.365   558   558 E ccci_mdinit: (1):Open md_log_config file failed, errno=2!
05-16 09:05:09.365   547   561 I libPowerHal: [updateCusScnTable] cmd:CMD_SET_TA_BOOST_VALUE, scn:16, param_1:1100, param_2:3000000
05-16 09:05:09.365   547   561 I libPowerHal: [updateCusScnTable] cmd:CMD_SET_PPM_USERLIMIT_BOOST, scn:16, param_1:1, param_2:3000000
05-16 09:05:09.365   558   558 I ccci_mdinit: (1):MD_LOG_MEMDUMP_WAIT:ro.vendor.md_log_memdump_wait not exist, using default value
05-16 09:05:09.365   547   561 I libPowerHal: [updateCusScnTable] cmd:CMD_SET_CLUSTER_CPU_CORE_MIN, scn:8, param_1:0, param_2:4
05-16 09:05:09.365   558   558 I ccci_mdinit: (1):MD_LOG_MEMDUMP_WAIT value: 0
05-16 09:05:09.365   547   561 I libPowerHal: [updateCusScnTable] cmd:CMD_SET_CLUSTER_CPU_FREQ_MIN, scn:8, param_1:0, param_2:3000000
05-16 09:05:09.365   547   561 I libPowerHal: [updateCusScnTable] cmd:CMD_SET_VCORE_MIN, scn:8, param_1:0, param_2:3000000
05-16 09:05:09.365   547   561 I libPowerHal: [updateCusScnTable] cmd:CMD_SET_TA_BOOST_VALUE, scn:8, param_1:1100, param_2:3000000
05-16 09:05:09.365   547   561 I libPowerHal: [updateCusScnTable] cmd:CMD_SET_FPSGO_ENABLE, scn:8, param_1:0, param_2:3000000
05-16 09:05:09.365   547   561 I libPowerHal: [updateCusScnTable] cmd:CMD_SET_PPM_USERLIMIT_BOOST, scn:8, param_1:1, param_2:3000000
05-16 09:05:09.365   547   561 I libPowerHal: [updateCusScnTable] cmd:CMD_SET_CLUSTER_CPU_CORE_MIN, scn:15, param_1:0, param_2:4
05-16 09:05:09.365   547   561 I libPowerHal: [updateCusScnTable] cmd:CMD_SET_CLUSTER_CPU_FREQ_MIN, scn:15, param_1:0, param_2:3000000
05-16 09:05:09.365   547   561 I libPowerHal: [updateCusScnTable] cmd:CMD_SET_VCORE_MIN, scn:15, param_1:0, param_2:3000000
05-16 09:05:09.365   558   558 E ccci_mdinit: (1):fail to open /mnt/vendor/nvdata/APCFG/APRDCL/CXP_SBP: 2
05-16 09:05:09.366   547   561 I libPowerHal: [updateCusScnTable] cmd:CMD_SET_TA_BOOST_VALUE, scn:15, param_1:1100, param_2:3000000
05-16 09:05:09.366   547   561 I libPowerHal: [updateCusScnTable] cmd:CMD_SET_PPM_USERLIMIT_BOOST, scn:15, param_1:1, param_2:3000000
05-16 09:05:09.366   547   561 I libPowerHal: [updateCusScnTable] cmd:CMD_SET_CLUSTER_CPU_CORE_MIN, scn:19, param_1:0, param_2:4
05-16 09:05:09.366   558   558 I ccci_mdinit: (1):get_cip_sbp_setting, file /custom/etc/firmware/CIP_MD_SBP NOT exists!
05-16 09:05:09.366   547   561 I libPowerHal: [updateCusScnTable] cmd:CMD_SET_CLUSTER_CPU_FREQ_MIN, scn:19, param_1:0, param_2:3000000
05-16 09:05:09.366   547   561 I libPowerHal: [updateCusScnTable] cmd:CMD_SET_VCORE_MIN, scn:19, param_1:0, param_2:3000000
05-16 09:05:09.366   547   561 I libPowerHal: [updateCusScnTable] cmd:CMD_SET_TA_BOOST_VALUE, scn:19, param_1:1100, param_2:3000000
05-16 09:05:09.366   547   561 I libPowerHal: [updateCusScnTable] cmd:CMD_SET_CLUSTER_CPU_CORE_MIN, scn:28, param_1:0, param_2:4
05-16 09:05:09.366   547   561 I libPowerHal: [updateCusScnTable] cmd:CMD_SET_CLUSTER_CPU_FREQ_MIN, scn:28, param_1:0, param_2:3000000
05-16 09:05:09.366   547   561 I libPowerHal: [updateCusScnTable] cmd:CMD_SET_VCORE_MIN, scn:28, param_1:0, param_2:3000000
05-16 09:05:09.366   547   561 I libPowerHal: [updateCusScnTable] cmd:CMD_SET_TA_BOOST_VALUE, scn:28, param_1:1100, param_2:3000000
05-16 09:05:09.366   547   561 I libPowerHal: [updateCusScnTable] cmd:CMD_SET_CLUSTER_CPU_CORE_MIN, scn:18, param_1:0, param_2:4
05-16 09:05:09.366   547   561 I libPowerHal: [updateCusScnTable] cmd:CMD_SET_CLUSTER_CPU_FREQ_MIN, scn:18, param_1:0, param_2:3000000
05-16 09:05:09.366   547   561 I libPowerHal: [updateCusScnTable] cmd:CMD_SET_VCORE_MIN, scn:18, param_1:0, param_2:3000000
05-16 09:05:09.366   547   561 I libPowerHal: [updateCusScnTable] cmd:CMD_SET_TA_BOOST_VALUE, scn:18, param_1:1100, param_2:3000000
05-16 09:05:09.366   558   558 I ccci_mdinit: (1):PRJ_SBP_ID:ro.vendor.mtk_md_sbp_custom_value not exist, using default value
05-16 09:05:09.366   547   561 I libPowerHal: [updateCusScnTable] cmd:CMD_SET_FPSGO_ENABLE, scn:18, param_1:0, param_2:3000000
05-16 09:05:09.366   547   561 I libPowerHal: [updateCusScnTable] cmd:CMD_SET_CPU_PERF_MODE, scn:23, param_1:1, param_2:3000000
05-16 09:05:09.366   547   561 I libPowerHal: [updateCusScnTable] cmd:CMD_SET_PPM_USERLIMIT_BOOST, scn:22, param_1:1, param_2:3000000
05-16 09:05:09.366   558   558 I ccci_mdinit: (1):check_nvram_ready(), property_get("vendor.service.nvram_init") = , read_nvram_ready_retry = 1
05-16 09:05:09.369   547   561 I libPowerHal: [init] nFbcSupport:1
05-16 09:05:09.369   547   561 I libPowerHal: reset_thermal_policy
05-16 09:05:09.369   527   527 I ServiceManagement: Removing namespace from process name android.hardware.graphics.allocator@2.0-service to allocator@2.0-service.
05-16 09:05:09.371   570   570 D         : MYTEST server start 3 result=0,err=Success
05-16 09:05:09.372   547   561 I libPowerHal: [Perfsevice]reset_thermal_policy
05-16 09:05:09.372   547   561 I libMtcLoader: reset_propertydata 
05-16 09:05:09.372   547   561 I libMtcLoader: load_perf_data g_perf_tc: 0 0 0 0 0 0 0 0 0 0 0 0 0 0 0 0 0 0 0 0 0 0 0
05-16 09:05:09.373   547   561 I libMtcLoader: load_propertydata 0 0 0 0 0 0 0 0 0 0 0 0 0 0 0 0 0 0 0 0 0 0 0  active: -1 count: 0
05-16 09:05:09.373   547   561 I libMtcLoader: get_next_perf_conf policy_count= 0 ,policy_active=-1
05-16 09:05:09.373   547   561 I libMtcLoader: reset_propertydata next_idx -1
05-16 09:05:09.373   547   561 I libMtcLoader: store_propertydata 0 0 0 0 0 0 0 0 0 0 0 0 0 0 0 0 0 0 0 0 0 0 0 active: -1 count: 0
05-16 09:05:09.374   527   527 I android.hardware.graphics.allocator@2.0-service: Registration complete for android.hardware.graphics.allocator@2.0::IAllocator/default.
05-16 09:05:09.376   547   561 I libMtcLoader: reset_propertydata skipped to load.
05-16 09:05:09.376   547   561 E libc    : The property "ro.build.fingerprint" has a value with length 96 that is too large for __system_property_get()/__system_property_read(); use __system_property_read_callback() instead.
05-16 09:05:09.376   547   561 I libPowerHal: ro.build.fingerpring:Must use __system_property_read_callback() to read
05-16 09:05:09.377   547   561 I powerd  : [powerd_core_pre_init] gtCusHintTbl[0]:32
05-16 09:05:09.377   547   561 I powerd  : [powerd_core_pre_init] i:1, tmp_hint:0
05-16 09:05:09.377   547   561 I powerd  : [powerd_core_pre_init] i:2, tmp_hint:1
05-16 09:05:09.377   547   561 I powerd  : [powerd_core_pre_init] gtCusHintTbl[1]:33
05-16 09:05:09.377   547   561 I powerd  : [powerd_core_pre_init] i:3, tmp_hint:1
05-16 09:05:09.377   547   561 I powerd  : [powerd_core_pre_init] i:4, tmp_hint:2
05-16 09:05:09.377   547   561 I powerd  : [powerd_core_pre_init] gtCusHintTbl[2]:34
05-16 09:05:09.377   547   561 I powerd  : [powerd_core_pre_init] i:5, tmp_hint:2
05-16 09:05:09.377   547   561 I powerd  : [powerd_core_pre_init] i:6, tmp_hint:3
05-16 09:05:09.377   547   561 I powerd  : [powerd_core_pre_init] gtCusHintTbl[3]:35
05-16 09:05:09.377   547   561 I powerd  : [powerd_core_pre_init] i:7, tmp_hint:3
05-16 09:05:09.377   547   561 I powerd  : [powerd_core_pre_init] i:8, j:0, ext launch scn:-1, t:-1, ud:0
05-16 09:05:09.377   547   561 I powerd  : [powerd_core_pre_init] i:10, j:0, ext launch scn:-1, t:-1, ud:0
05-16 09:05:09.377   547   561 I powerd  : [powerd_core_pre_init] i:12, j:0, ext launch scn:-1, t:-1, ud:0
05-16 09:05:09.377   547   561 I powerd  : [powerd_core_pre_init] pboost_timeout: 0
05-16 09:05:09.377   547   561 I vendor.mediatek.hardware.power@2.0-impl: mtkPowerManager - data:0x0
05-16 09:05:09.377   547   561 D powerd  : powerd start
05-16 09:05:09.377   547   561 D powerd  : powerd slave start
05-16 09:05:09.392   547   562 I MTKPowerHAL: power_open: enter; name=power
05-16 09:05:09.392   547   562 D MTKPowerHAL: power_open: exit 0
05-16 09:05:09.392   547   562 I MTKPowerHAL: power_init
05-16 09:05:09.393   547   562 I ServiceManagement: Removing namespace from process name vendor.mediatek.hardware.power@2.0-service to power@2.0-service.
05-16 09:05:09.396   547   562 I vendor.mediatek.hardware.power@2.0-service: Registration complete for vendor.mediatek.hardware.power@2.0::IPower/default.
05-16 09:05:09.404   523   523 I ServiceManagement: Removing namespace from process name android.hardware.drm@1.0-service to drm@1.0-service.
05-16 09:05:09.406   523   523 I android.hardware.drm@1.0-service: Registration complete for android.hardware.drm@1.0::IDrmFactory/default.
05-16 09:05:09.411   523   523 I ServiceManagement: Removing namespace from process name android.hardware.drm@1.0-service to drm@1.0-service.
05-16 09:05:09.413   523   523 I android.hardware.drm@1.0-service: Registration complete for android.hardware.drm@1.0::ICryptoFactory/default.
