05-16 09:05:16.091   518   629 W SpeechMessengerNormal: formatShareMemoryThread(), #58 checkModemReady fail...
05-16 09:05:16.191   518   629 W SpeechMessengerNormal: formatShareMemoryThread(), #59 checkModemReady fail...
05-16 09:05:16.261   568   568 I wmt_launcher: (persist.vendor.connsys.fwlog.status) is not supported
05-16 09:05:16.291   518   608 D AudioCustParam: checkNvramReady(), property_get("vendor.service.nvram_init") = , read_nvram_ready_retry = 13
05-16 09:05:16.291   518   629 W SpeechMessengerNormal: formatShareMemoryThread(), #60 checkModemReady fail...
05-16 09:05:16.370   558   558 I ccci_mdinit: (1):check_nvram_ready(), property_get("vendor.service.nvram_init") = , read_nvram_ready_retry = 15
05-16 09:05:16.391   518   629 W SpeechMessengerNormal: formatShareMemoryThread(), #61 checkModemReady fail...
05-16 09:05:16.491   518   629 W SpeechMessengerNormal: formatShareMemoryThread(), #62 checkModemReady fail...
05-16 09:05:16.592   518   629 W SpeechMessengerNormal: formatShareMemoryThread(), #63 checkModemReady fail...
05-16 09:05:16.692   518   629 W SpeechMessengerNormal: formatShareMemoryThread(), #64 checkModemReady fail...
05-16 09:05:16.791   518   608 D AudioCustParam: checkNvramReady(), property_get("vendor.service.nvram_init") = , read_nvram_ready_retry = 14
05-16 09:05:16.792   518   629 W SpeechMessengerNormal: formatShareMemoryThread(), #65 checkModemReady fail...
05-16 09:05:16.871   558   558 I ccci_mdinit: (1):check_nvram_ready(), property_get("vendor.service.nvram_init") = , read_nvram_ready_retry = 16
05-16 09:05:16.893   518   629 W SpeechMessengerNormal: formatShareMemoryThread(), #66 checkModemReady fail...
05-16 09:05:16.993   518   629 W SpeechMessengerNormal: formatShareMemoryThread(), #67 checkModemReady fail...
05-16 09:05:17.093   518   629 W SpeechMessengerNormal: formatShareMemoryThread(), #68 checkModemReady fail...
05-16 09:05:17.193   518   629 W SpeechMessengerNormal: formatShareMemoryThread(), #69 checkModemReady fail...
05-16 09:05:17.292   518   608 D AudioCustParam: checkNvramReady(), property_get("vendor.service.nvram_init") = , read_nvram_ready_retry = 15
05-16 09:05:17.294   518   629 W SpeechMessengerNormal: formatShareMemoryThread(), #70 checkModemReady fail...
05-16 09:05:17.371   558   558 I ccci_mdinit: (1):check_nvram_ready(), property_get("vendor.service.nvram_init") = , read_nvram_ready_retry = 17
05-16 09:05:17.394   518   629 W SpeechMessengerNormal: formatShareMemoryThread(), #71 checkModemReady fail...
05-16 09:05:17.494   518   629 W SpeechMessengerNormal: formatShareMemoryThread(), #72 checkModemReady fail...
05-16 09:05:17.594   518   629 W SpeechMessengerNormal: formatShareMemoryThread(), #73 checkModemReady fail...
05-16 09:05:17.695   518   629 W SpeechMessengerNormal: formatShareMemoryThread(), #74 checkModemReady fail...
05-16 09:05:17.792   518   608 D AudioCustParam: checkNvramReady(), property_get("vendor.service.nvram_init") = , read_nvram_ready_retry = 16
05-16 09:05:17.795   518   629 W SpeechMessengerNormal: formatShareMemoryThread(), #75 checkModemReady fail...
05-16 09:05:17.871   558   558 I ccci_mdinit: (1):check_nvram_ready(), property_get("vendor.service.nvram_init") = , read_nvram_ready_retry = 18
05-16 09:05:17.895   518   629 W SpeechMessengerNormal: formatShareMemoryThread(), #76 checkModemReady fail...
05-16 09:05:17.996   518   629 W SpeechMessengerNormal: formatShareMemoryThread(), #77 checkModemReady fail...
05-16 09:05:18.096   518   629 W SpeechMessengerNormal: formatShareMemoryThread(), #78 checkModemReady fail...
05-16 09:05:18.196   518   629 W SpeechMessengerNormal: formatShareMemoryThread(), #79 checkModemReady fail...
05-16 09:05:18.263   568   568 I wmt_launcher: (persist.vendor.connsys.fwlog.status) is not supported
05-16 09:05:18.292   518   608 D AudioCustParam: checkNvramReady(), property_get("vendor.service.nvram_init") = , read_nvram_ready_retry = 17
05-16 09:05:18.296   518   629 W SpeechMessengerNormal: formatShareMemoryThread(), #80 checkModemReady fail...
05-16 09:05:18.371   558   558 I ccci_mdinit: (1):check_nvram_ready(), property_get("vendor.service.nvram_init") = , read_nvram_ready_retry = 19
05-16 09:05:18.397   518   629 W SpeechMessengerNormal: formatShareMemoryThread(), #81 checkModemReady fail...
05-16 09:05:18.497   518   629 W SpeechMessengerNormal: formatShareMemoryThread(), #82 checkModemReady fail...
05-16 09:05:18.597   518   629 W SpeechMessengerNormal: formatShareMemoryThread(), #83 checkModemReady fail...
05-16 09:05:18.697   518   629 W SpeechMessengerNormal: formatShareMemoryThread(), #84 checkModemReady fail...
05-16 09:05:18.792   518   608 D AudioCustParam: checkNvramReady(), property_get("vendor.service.nvram_init") = , read_nvram_ready_retry = 18
05-16 09:05:18.798   518   629 W SpeechMessengerNormal: formatShareMemoryThread(), #85 checkModemReady fail...
05-16 09:05:18.872   558   558 I ccci_mdinit: (1):check_nvram_ready(), property_get("vendor.service.nvram_init") = , read_nvram_ready_retry = 20
05-16 09:05:18.898   518   629 W SpeechMessengerNormal: formatShareMemoryThread(), #86 checkModemReady fail...
05-16 09:05:18.998   518   629 W SpeechMessengerNormal: formatShareMemoryThread(), #87 checkModemReady fail...
05-16 09:05:19.098   518   629 W SpeechMessengerNormal: formatShareMemoryThread(), #88 checkModemReady fail...
05-16 09:05:19.198   518   629 W SpeechMessengerNormal: formatShareMemoryThread(), #89 checkModemReady fail...
05-16 09:05:19.293   518   608 D AudioCustParam: checkNvramReady(), property_get("vendor.service.nvram_init") = , read_nvram_ready_retry = 19
05-16 09:05:19.299   518   629 W SpeechMessengerNormal: formatShareMemoryThread(), #90 checkModemReady fail...
05-16 09:05:19.372   558   558 I ccci_mdinit: (1):check_nvram_ready(), property_get("vendor.service.nvram_init") = , read_nvram_ready_retry = 21
05-16 09:05:19.399   518   629 W SpeechMessengerNormal: formatShareMemoryThread(), #91 checkModemReady fail...
05-16 09:05:19.499   518   629 W SpeechMessengerNormal: formatShareMemoryThread(), #92 checkModemReady fail...
05-16 09:05:19.600   518   629 W SpeechMessengerNormal: formatShareMemoryThread(), #93 checkModemReady fail...
05-16 09:05:19.700   518   629 W SpeechMessengerNormal: formatShareMemoryThread(), #94 checkModemReady fail...
05-16 09:05:19.793   518   608 D AudioCustParam: checkNvramReady(), property_get("vendor.service.nvram_init") = , read_nvram_ready_retry = 20
05-16 09:05:19.800   518   629 W SpeechMessengerNormal: formatShareMemoryThread(), #95 checkModemReady fail...
05-16 09:05:19.872   558   558 I ccci_mdinit: (1):check_nvram_ready(), property_get("vendor.service.nvram_init") = , read_nvram_ready_retry = 22
05-16 09:05:19.901   518   629 W SpeechMessengerNormal: formatShareMemoryThread(), #96 checkModemReady fail...
05-16 09:05:20.001   518   629 W SpeechMessengerNormal: formatShareMemoryThread(), #97 checkModemReady fail...
05-16 09:05:20.101   518   629 W SpeechMessengerNormal: formatShareMemoryThread(), #98 checkModemReady fail...
05-16 09:05:20.201   518   629 W SpeechMessengerNormal: formatShareMemoryThread(), #99 checkModemReady fail...
05-16 09:05:20.265   568   568 I wmt_launcher: (persist.vendor.connsys.fwlog.status) is not supported
05-16 09:05:20.293   518   608 D AudioCustParam: checkNvramReady(), property_get("vendor.service.nvram_init") = , read_nvram_ready_retry = 21
05-16 09:05:20.301   518   629 W SpeechMessengerNormal: formatShareMemoryThread(), #100 checkModemReady fail...
05-16 09:05:20.372   558   558 I ccci_mdinit: (1):check_nvram_ready(), property_get("vendor.service.nvram_init") = , read_nvram_ready_retry = 23
05-16 09:05:20.402   518   629 W SpeechMessengerNormal: formatShareMemoryThread(), #101 checkModemReady fail...
05-16 09:05:20.502   518   629 W SpeechMessengerNormal: formatShareMemoryThread(), #102 checkModemReady fail...
05-16 09:05:20.602   518   629 W SpeechMessengerNormal: formatShareMemoryThread(), #103 checkModemReady fail...
05-16 09:05:20.702   518   629 W SpeechMessengerNormal: formatShareMemoryThread(), #104 checkModemReady fail...
05-16 09:05:20.793   518   608 D AudioCustParam: checkNvramReady(), property_get("vendor.service.nvram_init") = , read_nvram_ready_retry = 22
05-16 09:05:20.803   518   629 W SpeechMessengerNormal: formatShareMemoryThread(), #105 checkModemReady fail...
05-16 09:05:20.873   558   558 I ccci_mdinit: (1):check_nvram_ready(), property_get("vendor.service.nvram_init") = , read_nvram_ready_retry = 24
05-16 09:05:20.903   518   629 W SpeechMessengerNormal: formatShareMemoryThread(), #106 checkModemReady fail...
05-16 09:05:21.003   518   629 W SpeechMessengerNormal: formatShareMemoryThread(), #107 checkModemReady fail...
05-16 09:05:21.103   518   629 W SpeechMessengerNormal: formatShareMemoryThread(), #108 checkModemReady fail...
05-16 09:05:21.203   518   629 W SpeechMessengerNormal: formatShareMemoryThread(), #109 checkModemReady fail...
05-16 09:05:21.294   518   608 D AudioCustParam: checkNvramReady(), property_get("vendor.service.nvram_init") = , read_nvram_ready_retry = 23
05-16 09:05:21.304   518   629 W SpeechMessengerNormal: formatShareMemoryThread(), #110 checkModemReady fail...
05-16 09:05:21.373   558   558 I ccci_mdinit: (1):check_nvram_ready(), property_get("vendor.service.nvram_init") = , read_nvram_ready_retry = 25
05-16 09:05:21.404   518   629 W SpeechMessengerNormal: formatShareMemoryThread(), #111 checkModemReady fail...
05-16 09:05:21.504   518   629 W SpeechMessengerNormal: formatShareMemoryThread(), #112 checkModemReady fail...
05-16 09:05:21.604   518   629 W SpeechMessengerNormal: formatShareMemoryThread(), #113 checkModemReady fail...
05-16 09:05:21.705   518   629 W SpeechMessengerNormal: formatShareMemoryThread(), #114 checkModemReady fail...
05-16 09:05:21.794   518   608 D AudioCustParam: checkNvramReady(), property_get("vendor.service.nvram_init") = , read_nvram_ready_retry = 24
05-16 09:05:21.805   518   629 W SpeechMessengerNormal: formatShareMemoryThread(), #115 checkModemReady fail...
05-16 09:05:21.873   558   558 I ccci_mdinit: (1):check_nvram_ready(), property_get("vendor.service.nvram_init") = , read_nvram_ready_retry = 26
05-16 09:05:21.905   518   629 W SpeechMessengerNormal: formatShareMemoryThread(), #116 checkModemReady fail...
05-16 09:05:22.005   518   629 W SpeechMessengerNormal: formatShareMemoryThread(), #117 checkModemReady fail...
05-16 09:05:22.106   518   629 W SpeechMessengerNormal: formatShareMemoryThread(), #118 checkModemReady fail...
05-16 09:05:22.206   518   629 W SpeechMessengerNormal: formatShareMemoryThread(), #119 checkModemReady fail...
05-16 09:05:22.294   518   608 D AudioCustParam: checkNvramReady(), property_get("vendor.service.nvram_init") = , read_nvram_ready_retry = 25
05-16 09:05:22.306   518   629 W SpeechMessengerNormal: formatShareMemoryThread(), #120 checkModemReady fail...
05-16 09:05:22.373   558   558 I ccci_mdinit: (1):check_nvram_ready(), property_get("vendor.service.nvram_init") = , read_nvram_ready_retry = 27
05-16 09:05:22.406   518   629 W SpeechMessengerNormal: formatShareMemoryThread(), #121 checkModemReady fail...
05-16 09:05:22.507   518   629 W SpeechMessengerNormal: formatShareMemoryThread(), #122 checkModemReady fail...
05-16 09:05:22.607   518   629 W SpeechMessengerNormal: formatShareMemoryThread(), #123 checkModemReady fail...
05-16 09:05:22.707   518   629 W SpeechMessengerNormal: formatShareMemoryThread(), #124 checkModemReady fail...
05-16 09:05:22.795   518   608 D AudioCustParam: checkNvramReady(), property_get("vendor.service.nvram_init") = , read_nvram_ready_retry = 26
05-16 09:05:22.808   518   629 W SpeechMessengerNormal: formatShareMemoryThread(), #125 checkModemReady fail...
05-16 09:05:22.874   558   558 I ccci_mdinit: (1):check_nvram_ready(), property_get("vendor.service.nvram_init") = , read_nvram_ready_retry = 28
05-16 09:05:22.908   518   629 W SpeechMessengerNormal: formatShareMemoryThread(), #126 checkModemReady fail...
05-16 09:05:23.008   518   629 W SpeechMessengerNormal: formatShareMemoryThread(), #127 checkModemReady fail...
05-16 09:05:23.108   518   629 W SpeechMessengerNormal: formatShareMemoryThread(), #128 checkModemReady fail...
05-16 09:05:23.209   518   629 W SpeechMessengerNormal: formatShareMemoryThread(), #129 checkModemReady fail...
05-16 09:05:23.295   518   608 D AudioCustParam: checkNvramReady(), property_get("vendor.service.nvram_init") = , read_nvram_ready_retry = 27
05-16 09:05:23.298   743   743 I getprop : type=1400 audit(0.0:305): avc: denied { open } for path="/dev/__properties__/u:object_r:atm_ipaddr_prop:s0" dev="tmpfs" ino=50 scontext=u:r:shell:s0 tcontext=u:object_r:atm_ipaddr_prop:s0 tclass=file permissive=1
05-16 09:05:23.298   743   743 I getprop : type=1400 audit(0.0:306): avc: denied { getattr } for path="/dev/__properties__/u:object_r:atm_ipaddr_prop:s0" dev="tmpfs" ino=50 scontext=u:r:shell:s0 tcontext=u:object_r:atm_ipaddr_prop:s0 tclass=file permissive=1
05-16 09:05:23.298   743   743 I getprop : type=1400 audit(0.0:307): avc: denied { open } for path="/dev/__properties__/u:object_r:atm_mdmode_prop:s0" dev="tmpfs" ino=51 scontext=u:r:shell:s0 tcontext=u:object_r:atm_mdmode_prop:s0 tclass=file permissive=1
05-16 09:05:23.298   743   743 I getprop : type=1400 audit(0.0:308): avc: denied { getattr } for path="/dev/__properties__/u:object_r:atm_mdmode_prop:s0" dev="tmpfs" ino=51 scontext=u:r:shell:s0 tcontext=u:object_r:atm_mdmode_prop:s0 tclass=file permissive=1
05-16 09:05:23.298   743   743 I getprop : type=1400 audit(0.0:309): avc: denied { open } for path="/dev/__properties__/u:object_r:ctl_viarild_prop:s0" dev="tmpfs" ino=87 scontext=u:r:shell:s0 tcontext=u:object_r:ctl_viarild_prop:s0 tclass=file permissive=1
05-16 09:05:23.309   518   629 W SpeechMessengerNormal: formatShareMemoryThread(), #130 checkModemReady fail...
05-16 09:05:23.374   558   558 I ccci_mdinit: (1):check_nvram_ready(), property_get("vendor.service.nvram_init") = , read_nvram_ready_retry = 29
05-16 09:05:23.409   518   629 W SpeechMessengerNormal: formatShareMemoryThread(), #131 checkModemReady fail...
05-16 09:05:23.454   747   747 W cmd     : Can't find service window
05-16 09:05:23.509   518   629 W SpeechMessengerNormal: formatShareMemoryThread(), #132 checkModemReady fail...
05-16 09:05:23.574   751   751 W cmd     : Can't find service window
05-16 09:05:23.610   518   629 W SpeechMessengerNormal: formatShareMemoryThread(), #133 checkModemReady fail...
05-16 09:05:23.710   518   629 W SpeechMessengerNormal: formatShareMemoryThread(), #134 checkModemReady fail...
05-16 09:05:23.795   518   608 D AudioCustParam: checkNvramReady(), property_get("vendor.service.nvram_init") = , read_nvram_ready_retry = 28
05-16 09:05:23.810   518   629 W SpeechMessengerNormal: formatShareMemoryThread(), #135 checkModemReady fail...
05-16 09:05:23.874   558   558 I ccci_mdinit: (1):check_nvram_ready(), property_get("vendor.service.nvram_init") = , read_nvram_ready_retry = 30
05-16 09:05:23.910   518   629 W SpeechMessengerNormal: formatShareMemoryThread(), #136 checkModemReady fail...
05-16 09:05:24.011   518   629 W SpeechMessengerNormal: formatShareMemoryThread(), #137 checkModemReady fail...
05-16 09:05:24.111   518   629 W SpeechMessengerNormal: formatShareMemoryThread(), #138 checkModemReady fail...
05-16 09:05:24.211   518   629 W SpeechMessengerNormal: formatShareMemoryThread(), #139 checkModemReady fail...
05-16 09:05:24.295   518   608 D AudioCustParam: checkNvramReady(), property_get("vendor.service.nvram_init") = , read_nvram_ready_retry = 29
05-16 09:05:24.311   518   629 W SpeechMessengerNormal: formatShareMemoryThread(), #140 checkModemReady fail...
05-16 09:05:24.374   558   558 I ccci_mdinit: (1):check_nvram_ready(), property_get("vendor.service.nvram_init") = , read_nvram_ready_retry = 31
05-16 09:05:24.412   518   629 W SpeechMessengerNormal: formatShareMemoryThread(), #141 checkModemReady fail...
05-16 09:05:24.512   518   629 W SpeechMessengerNormal: formatShareMemoryThread(), #142 checkModemReady fail...
05-16 09:05:24.612   518   629 W SpeechMessengerNormal: formatShareMemoryThread(), #143 checkModemReady fail...
05-16 09:05:24.712   518   629 W SpeechMessengerNormal: formatShareMemoryThread(), #144 checkModemReady fail...
05-16 09:05:24.795   518   608 D AudioCustParam: checkNvramReady(), property_get("vendor.service.nvram_init") = , read_nvram_ready_retry = 30
05-16 09:05:24.812   518   629 W SpeechMessengerNormal: formatShareMemoryThread(), #145 checkModemReady fail...
05-16 09:05:24.875   558   558 I ccci_mdinit: (1):check_nvram_ready(), property_get("vendor.service.nvram_init") = , read_nvram_ready_retry = 32
05-16 09:05:24.913   518   629 W SpeechMessengerNormal: formatShareMemoryThread(), #146 checkModemReady fail...
05-16 09:05:25.013   518   629 W SpeechMessengerNormal: formatShareMemoryThread(), #147 checkModemReady fail...
05-16 09:05:25.113   518   629 W SpeechMessengerNormal: formatShareMemoryThread(), #148 checkModemReady fail...
05-16 09:05:25.213   518   629 W SpeechMessengerNormal: formatShareMemoryThread(), #149 checkModemReady fail...
05-16 09:05:25.296   518   608 W AudioCustParam: Get nvram restore ready faild !!!
05-16 09:05:25.296   518   608 W AudioCustParam: checkNvramReady fail
05-16 09:05:25.296   518   608 D AudioCustParam: getDefaultVer1VolumeParam
05-16 09:05:25.296   518   608 D AudioMTKGainController: getMicGainDecimal(), micMode 1, gainDevice 0, micGainDecimal 164
05-16 09:05:25.296   518   608 D AudioMTKGainController: getMicGainDecimal(), micMode 1, gainDevice 2, micGainDecimal 180
05-16 09:05:25.296   518   608 D AudioALSAParamTuner: AudioALSAParamTuner(), AudioALSAParamTuner: default mic gain-mormal:164;handsfree:180, receiver gain:112, headset Gain:76
05-16 09:05:25.296   518   608 D AudioALSAParamTuner: getInstance(), create AudioALSAParamTuner instance ++
05-16 09:05:25.296   518   608 D         : appOpsGetInstance(), init AppOps struct, lib is libaudio_param_parser-vnd.so
05-16 09:05:25.297   518   608 D AudioALSAHardware: AudioALSAHardware(), mAudioHalBtscoWB = 0
05-16 09:05:25.297   518   608 D WCNChipController: WCNChipController()
05-16 09:05:25.297   518   608 D WCNChipController: SetBTCurrentSamplingRateNumber(), mBTCurrentSamplingRateNumber: 8000 => 8000
05-16 09:05:25.297   518   608 D AudioBTCVSDControl: +AudioBTCVSDControl
05-16 09:05:25.297   518   608 D AudioBTCVSDControl: AudioBTCVSDControl constructor
05-16 09:05:25.302   518   608 D AudioBTCVSDControl: BT_SCO_SET_TXState state=0x0
05-16 09:05:25.302   518   608 D AudioBTCVSDControl: BT_SCO_SET_RXState state=0x10
05-16 09:05:25.302   518   608 D AudioBTCVSDControl: BT_SCO_CVSD_Init() allocate mBTSCOCVSDContext
05-16 09:05:25.302   518   608 D AudioBTCVSDControl: -AudioBTCVSDControl
05-16 09:05:25.302   518   608 D AudioBTCVSDControl: AudioBTCVSDControl getInstance()
05-16 09:05:25.302   518   608 D AudioBTCVSDControl: BT_SCO_SetMode, mode=0, BTmode=0
05-16 09:05:25.302   518   608 D AudioALSASpeechPhoneCallController: setBTMode(), mBTMode: 0 => 0
05-16 09:05:25.302   518   608 D AudioALSAHardware: -mAudioALSAHardware
05-16 09:05:25.302   518   608 D mtk_audio_hw_hal: gAudioHALRefCountByClient + 1
05-16 09:05:25.303   518   518 D AudioALSAHardware: initCheck()
05-16 09:05:25.304   518   766 D AudioALSAStreamManager: setMasterVolume(), volume = 1.000000
05-16 09:05:25.304   518   766 D AudioMTKGainController: setNormalVolume(), mSceneIndex = 0, stream -1, devices 0x0, index -1, mode 0x0
05-16 09:05:25.304   518   766 E AudioMTKGainController: getGainDevice(), error, devices (0) not support, return GAIN_DEVICE_SPEAKER
05-16 09:05:25.304   518   766 W AudioMTKGainController: error, stream -1 is invalid, use 3 instead
05-16 09:05:25.304   518   766 W AudioMTKGainController: error, index -1 is invalid, use max 15 instead
05-16 09:05:25.304   518   766 D AudioMTKGainController: setSpeakerGain(), gain = 10, spkAnaType = 1, spkLMixerName = Headset_PGAL_GAIN, spkRMixerName = Headset_PGAR_GAIN
05-16 09:05:25.305   551   551 I AudioFlinger: loadHwModule() Loaded primary audio interface, handle 10
05-16 09:05:25.305   551   551 I AudioFlinger: openOutput() this 0xf41be000, module 10 Device 0x2, SamplingRate 48000, Format 0x000003, Channels 0x3, flags 0x6
05-16 09:05:25.305   518   766 D AudioALSAStreamManager: +openOutputStream()
05-16 09:05:25.305   518   766 D AudioALSAStreamManager: openOutputStream(), devices = 0x2, format = 0x3, channels = 0x3, sampleRate = 48000, status = 0xd
05-16 09:05:25.305   518   766 D AudioALSAStreamOut: AudioALSAStreamOut()
05-16 09:05:25.305   518   766 D AudioALSAStreamOut: set(), devices = 0x2, format = 0x3, channels = 0x3, sampleRate = 48000, flags = 0x6
05-16 09:05:25.305   518   766 D AudioALSASampleRateController: AudioALSASampleRateController()
05-16 09:05:25.305   518   766 D AudioALSASampleRateController: +setPrimaryStreamOutSampleRate(), mPrimaryStreamOutSampleRate: 44100 => 48000
05-16 09:05:25.305   518   766 D AudioALSASampleRateController: -setPrimaryStreamOutSampleRate(), mPrimaryStreamOutSampleRate: 48000
05-16 09:05:25.306   518   766 D AudioALSAStreamOut: set(), mStreamAttributeSource.latency 10, mStreamAttributeSource.buffer_size =2048, channels 2.
05-16 09:05:25.306   518   766 D AudioALSAStreamManager: -openOutputStream(), out = 0xe7b7e600, status = 0x0, mStreamOutVector.size() = 1
05-16 09:05:25.307   551   551 I AudioFlinger: HAL output buffer size 256 frames, normal sink buffer size 768 frames
05-16 09:05:25.314   518   629 W SpeechMessengerNormal: formatShareMemoryThread(), #150 checkModemReady fail...
05-16 09:05:25.335   551   551 I BufferProvider: found effect "Multichannel Downmix To Stereo" from The Android Open Source Project
05-16 09:05:25.337   551   768 I AudioFlinger: AudioFlinger's thread 0xf3703dc0 tid=768 ready to run
05-16 09:05:25.337   551   551 I AudioFlinger: Using module 10 as the primary audio interface
05-16 09:05:25.337   551   768 W AudioFlinger: no wake lock to update, system not ready yet
05-16 09:05:25.337   518   518 W AudioALSAStreamManager: setMode(), mAudioMode: 0 == 0, return
05-16 09:05:25.337   518   608 D AudioALSAStreamOut: standby(), flag 6
05-16 09:05:25.337   518   608 D AudioALSAStreamOut: standbyStreamOut(), flag 6
05-16 09:05:25.337   551   768 W AudioFlinger: no wake lock to update, system not ready yet
05-16 09:05:25.338   518   766 D AudioALSAHardware: setVoiceVolume(), volume = 0.000000, mUseTuningVolume = 0
05-16 09:05:25.338   518   766 D AudioALSAStreamManager: setVoiceVolume(), volume = 0.000000
05-16 09:05:25.338   518   766 D AudioMTKGainController: setVoiceVolume(), index = -1, devices = 0x2, mode = 0, mBand = 0, mNetwork = 0, mVoiceVolume = 0.000000
05-16 09:05:25.338   518   766 W AudioMTKGainController: error, index -1 is invalid, use max 7 instead
05-16 09:05:25.338   518   766 D AudioMTKGainController: setSpeakerGain(), gain = 6, spkAnaType = 1, spkLMixerName = Headset_PGAL_GAIN, spkRMixerName = Headset_PGAR_GAIN
05-16 09:05:25.338   518   766 D AudioMTKGainController: ApplyMicGain(), mSceneIndex = 0, _mic_mode = 0, _gain_device = 2, mode = 0, micgain = 34, mULTotalGain = 208, mBand 0, mNetwork 0
05-16 09:05:25.338   518   766 D AudioMTKGainController: ApplyMicGain(), SetAdcPga1 = 4, SetAdcPga2 = 4
05-16 09:05:25.338   518   766 D AudioMTKGainController: ApplySideTone gainDevice 2, sidetone 0, updated_sidetone 0
05-16 09:05:25.339   518   766 W AudioALSASpeechPhoneCallController: muteDlUlForRouting(), speech off!! do nothing!!
05-16 09:05:25.339   551   551 W AudioFlinger: moveEffects() bad srcOutput 0
05-16 09:05:25.340   518   766 D AudioALSAHardware: +routing createAudioPatch Mixer->2
05-16 09:05:25.340   518   766 D AudioALSAStreamManager: +setParameters(), IOport = 13, keyValuePairs = routing=2
05-16 09:05:25.340   518   766 W AudioALSAStreamManager: routingOutputDevice(), flag: 6, mPhoneCallSpeechOpen = 0, output_devices == current_output_devices(0x2), return
05-16 09:05:25.341   551   551 I AudioFlinger: openOutput() this 0xf41be000, module 10 Device 0x2, SamplingRate 48000, Format 0x000003, Channels 0x3, flags 0x8
05-16 09:05:25.341   518   766 D AudioALSAStreamManager: +openOutputStream()
05-16 09:05:25.341   518   766 D AudioALSAStreamManager: openOutputStream(), devices = 0x2, format = 0x3, channels = 0x3, sampleRate = 48000, status = 0x15
05-16 09:05:25.341   518   766 D AudioALSAStreamOut: AudioALSAStreamOut()
05-16 09:05:25.342   518   766 D AudioALSAStreamOut: set(), devices = 0x2, format = 0x3, channels = 0x3, sampleRate = 48000, flags = 0x8
05-16 09:05:25.342   518   766 D AudioALSASampleRateController: +setPrimaryStreamOutSampleRate(), mPrimaryStreamOutSampleRate: 48000 => 48000
05-16 09:05:25.342   518   766 W AudioALSASampleRateController: -setPrimaryStreamOutSampleRate(), sample_rate == mPrimaryStreamOutSampleRate, return
05-16 09:05:25.342   518   766 D AudioALSAStreamOut: reduce hal buffer size 24576 -> 16384
05-16 09:05:25.342   518   766 D AudioALSAStreamOut: set(), mStreamAttributeSource.latency 85, mStreamAttributeSource.buffer_size =16384, channels 2.
05-16 09:05:25.342   518   766 D AudioALSAStreamManager: -openOutputStream(), out = 0xe7b7e800, status = 0x0, mStreamOutVector.size() = 2
05-16 09:05:25.343   551   551 I AudioFlinger: HAL output buffer size 2048 frames, normal sink buffer size 2048 frames
05-16 09:05:25.344   551   769 I AudioFlinger: AudioFlinger's thread 0xf3403fc0 tid=769 ready to run
05-16 09:05:25.344   551   769 W AudioFlinger: no wake lock to update, system not ready yet
05-16 09:05:25.344   518   766 D AudioALSAStreamOut: standby(), flag 8
05-16 09:05:25.344   518   766 D AudioALSAStreamOut: standbyStreamOut(), flag 8
05-16 09:05:25.345   551   769 W AudioFlinger: no wake lock to update, system not ready yet
05-16 09:05:25.347   518   608 D AudioALSAHardware: +routing createAudioPatch Mixer->2
05-16 09:05:25.348   518   608 D AudioALSAStreamManager: +setParameters(), IOport = 21, keyValuePairs = routing=2
05-16 09:05:25.348   518   608 W AudioALSAStreamManager: routingOutputDevice(), flag: 8, mPhoneCallSpeechOpen = 0, output_devices == current_output_devices(0x2), return
05-16 09:05:25.349   551   551 I AudioFlinger: openOutput() this 0xf41be000, module 10 Device 0x10000, SamplingRate 48000, Format 0x000003, Channels 0x3, flags 0x10000
05-16 09:05:25.349   518   608 D AudioALSAStreamManager: +openOutputStream()
05-16 09:05:25.349   518   608 D AudioALSAStreamManager: openOutputStream(), devices = 0x10000, format = 0x3, channels = 0x3, sampleRate = 48000, status = 0x1d
05-16 09:05:25.349   518   608 D AudioALSAStreamOut: AudioALSAStreamOut()
05-16 09:05:25.349   518   608 D AudioALSAStreamOut: set(), devices = 0x10000, format = 0x3, channels = 0x3, sampleRate = 48000, flags = 0x10000
05-16 09:05:25.349   518   608 D AudioALSASampleRateController: +setPrimaryStreamOutSampleRate(), mPrimaryStreamOutSampleRate: 48000 => 48000
05-16 09:05:25.349   518   608 W AudioALSASampleRateController: -setPrimaryStreamOutSampleRate(), sample_rate == mPrimaryStreamOutSampleRate, return
05-16 09:05:25.349   518   608 D AudioALSAStreamOut: set(), mStreamAttributeSource.latency 85, mStreamAttributeSource.buffer_size =8192, channels 2.
05-16 09:05:25.349   518   608 D AudioALSAStreamManager: -openOutputStream(), out = 0xe7b7e400, status = 0x0, mStreamOutVector.size() = 3
05-16 09:05:25.351   551   551 I AudioFlinger: HAL output buffer size 1024 frames, normal sink buffer size 1024 frames
05-16 09:05:25.352   551   770 I AudioFlinger: AudioFlinger's thread 0xf3283b00 tid=770 ready to run
05-16 09:05:25.352   551   770 W AudioFlinger: no wake lock to update, system not ready yet
05-16 09:05:25.352   518   608 D AudioALSAStreamOut: standby(), flag 65536
05-16 09:05:25.352   518   608 D AudioALSAStreamOut: standbyStreamOut(), flag 65536
05-16 09:05:25.352   551   770 W AudioFlinger: no wake lock to update, system not ready yet
05-16 09:05:25.358   518   608 D AudioALSAHardware: +routing createAudioPatch Mixer->10000
05-16 09:05:25.358   518   608 D AudioALSAStreamManager: +setParameters(), IOport = 29, keyValuePairs = routing=65536
05-16 09:05:25.358   518   608 W AudioALSAStreamManager: routingOutputDevice(), flag: 65536, mPhoneCallSpeechOpen = 0, output_devices == current_output_devices(0x10000), return
05-16 09:05:25.359   518   608 D AudioALSAStreamManager: openInputStream(), devices = 0x80000004, format = 0x1, channels = 0xc, sampleRate = 48000, status = 14, acoustics = 0x0
05-16 09:05:25.359   518   608 D AudioALSAStreamIn: AudioALSAStreamIn()
05-16 09:05:25.359   518   608 D AudioALSAStreamIn: set(), devices = 0x80000004, format = 0x1, channels = 0xc, sampleRate = 48000, acoustics = 0x0, flags = 0
05-16 09:05:25.359   518   608 D AudioALSAStreamIn: CheckBesRecordInfo()
05-16 09:05:25.359   518   608 D AudioSpeechEnhanceInfo: GetBesRecScene() -1
05-16 09:05:25.359   518   608 D AudioSpeechEnhanceInfo: IsBesRecTuningEnable()- 0
05-16 09:05:25.359   518   608 D AudioSpeechEnhanceInfo: GetForceMagiASRState(), feature_support=1a090055, 0, mForceMagiASR=0
05-16 09:05:25.359   518   608 D AudioSpeechEnhanceInfo: GetForceAECRecState(), mForceAECRec=0
05-16 09:05:25.359   518   608 D AudioALSAStreamIn: set() done, sampleRate = 48000, num_channels = 2, buffer_size=3840, tempDebugflag = 0
05-16 09:05:25.359   518   608 D AudioALSAStreamManager: -openInputStream(), in = 0xe7b78a00, status = 0x0, mStreamInVector.size() = 1
05-16 09:05:25.362   551   771 I AudioFlinger: AudioFlinger's thread 0xf3103d00 tid=771 ready to run
05-16 09:05:25.362   518   608 D AudioALSAStreamManager: +closeInputStream(), in = 0xe7b78a00, size() = 1
05-16 09:05:25.362   518   608 D AudioALSAStreamIn: ~AudioALSAStreamIn()
05-16 09:05:25.362   518   608 D AudioALSAStreamManager: -closeInputStream(), mStreamInVector.size() = 0
05-16 09:05:25.375   558   558 I ccci_mdinit: (1):check_nvram_ready(), property_get("vendor.service.nvram_init") = , read_nvram_ready_retry = 33
05-16 09:05:25.379   551   551 I bt_a2dp_hw: adev_open:  adev_open in A2dp_hw module
05-16 09:05:25.379   551   551 I AudioFlinger: loadHwModule() Loaded a2dp audio interface, handle 18
05-16 09:05:25.382   518   608 D modules.usbaudio.audio_hal: [USB_AUD] adev_open
05-16 09:05:25.382   518   608 D modules.usbaudio.audio_hal: Load /vendor/lib/hw/audio.primary.mt6739.so
05-16 09:05:25.383   518   608 D modules.usbaudio.audio_hal: in_load_primary_hal 336 AurisysEnabled = 1, gAudioMTKAudioUSBProvider = 0x0, gAudioMTKAudioUSBDataClient = 0x0
05-16 09:05:25.383   518   608 D modules.usbaudio.audio_hal: [USB_AUD] adev_open : AurisysEnabled = 1
05-16 09:05:25.384   551   551 I AudioFlinger: loadHwModule() Loaded usb audio interface, handle 26
05-16 09:05:25.388   518   608 I r_submix: adev_open(name=audio_hw_if)
05-16 09:05:25.389   518   608 I r_submix: adev_init_check()
05-16 09:05:25.389   518   608 W DeviceHAL: Error from HAL Device in function set_master_mute: Function not implemented
05-16 09:05:25.389   551   551 I AudioFlinger: loadHwModule() Loaded r_submix audio interface, handle 34
05-16 09:05:25.389   518   608 D r_submix: adev_open_input_stream(addr=0)
05-16 09:05:25.389   518   608 D r_submix: submix_audio_device_create_pipe_l(addr=0, idx=9)
05-16 09:05:25.389   518   608 D r_submix:   now using address 0 for route 9
05-16 09:05:25.391   551   772 I AudioFlinger: AudioFlinger's thread 0xf3103b00 tid=772 ready to run
05-16 09:05:25.392   518   766 D r_submix: adev_close_input_stream()
05-16 09:05:25.392   518   766 D r_submix: submix_audio_device_release_pipe_l(idx=9) addr=0
05-16 09:05:25.392   518   766 D r_submix: submix_audio_device_destroy_pipe_l(): pipe destroyed
05-16 09:05:25.393   551   551 I         : Waiting for activity service
05-16 09:05:25.414   518   629 W SpeechMessengerNormal: formatShareMemoryThread(), #151 checkModemReady fail...
05-16 09:05:25.514   518   629 W SpeechMessengerNormal: formatShareMemoryThread(), #152 checkModemReady fail...
05-16 09:05:25.614   518   629 W SpeechMessengerNormal: formatShareMemoryThread(), #153 checkModemReady fail...
05-16 09:05:25.715   518   629 W SpeechMessengerNormal: formatShareMemoryThread(), #154 checkModemReady fail...
05-16 09:05:25.815   518   629 W SpeechMessengerNormal: formatShareMemoryThread(), #155 checkModemReady fail...
05-16 09:05:25.875   558   558 I ccci_mdinit: (1):check_nvram_ready(), property_get("vendor.service.nvram_init") = , read_nvram_ready_retry = 34
05-16 09:05:25.915   518   629 W SpeechMessengerNormal: formatShareMemoryThread(), #156 checkModemReady fail...
05-16 09:05:26.015   518   629 W SpeechMessengerNormal: formatShareMemoryThread(), #157 checkModemReady fail...
05-16 09:05:26.116   518   629 W SpeechMessengerNormal: formatShareMemoryThread(), #158 checkModemReady fail...
05-16 09:05:26.216   518   629 W SpeechMessengerNormal: formatShareMemoryThread(), #159 checkModemReady fail...
05-16 09:05:26.316   518   629 W SpeechMessengerNormal: formatShareMemoryThread(), #160 checkModemReady fail...
05-16 09:05:26.375   558   558 I ccci_mdinit: (1):check_nvram_ready(), property_get("vendor.service.nvram_init") = , read_nvram_ready_retry = 35
05-16 09:05:26.416   518   629 W SpeechMessengerNormal: formatShareMemoryThread(), #161 checkModemReady fail...
05-16 09:05:26.517   518   629 W SpeechMessengerNormal: formatShareMemoryThread(), #162 checkModemReady fail...
05-16 09:05:26.617   518   629 W SpeechMessengerNormal: formatShareMemoryThread(), #163 checkModemReady fail...
05-16 09:05:26.717   518   629 W SpeechMessengerNormal: formatShareMemoryThread(), #164 checkModemReady fail...
05-16 09:05:26.817   518   629 W SpeechMessengerNormal: formatShareMemoryThread(), #165 checkModemReady fail...
05-16 09:05:26.876   558   558 I ccci_mdinit: (1):check_nvram_ready(), property_get("vendor.service.nvram_init") = , read_nvram_ready_retry = 36
05-16 09:05:26.917   518   629 W SpeechMessengerNormal: formatShareMemoryThread(), #166 checkModemReady fail...
05-16 09:05:27.018   518   629 W SpeechMessengerNormal: formatShareMemoryThread(), #167 checkModemReady fail...
05-16 09:05:27.118   518   629 W SpeechMessengerNormal: formatShareMemoryThread(), #168 checkModemReady fail...
05-16 09:05:27.218   518   629 W SpeechMessengerNormal: formatShareMemoryThread(), #169 checkModemReady fail...
05-16 09:05:27.318   518   629 W SpeechMessengerNormal: formatShareMemoryThread(), #170 checkModemReady fail...
05-16 09:05:27.376   558   558 I ccci_mdinit: (1):check_nvram_ready(), property_get("vendor.service.nvram_init") = , read_nvram_ready_retry = 37
05-16 09:05:27.419   518   629 W SpeechMessengerNormal: formatShareMemoryThread(), #171 checkModemReady fail...
05-16 09:05:27.519   518   629 W SpeechMessengerNormal: formatShareMemoryThread(), #172 checkModemReady fail...
05-16 09:05:27.619   518   629 W SpeechMessengerNormal: formatShareMemoryThread(), #173 checkModemReady fail...
05-16 09:05:27.719   518   629 W SpeechMessengerNormal: formatShareMemoryThread(), #174 checkModemReady fail...
05-16 09:05:27.819   518   629 W SpeechMessengerNormal: formatShareMemoryThread(), #175 checkModemReady fail...
05-16 09:05:27.876   558   558 I ccci_mdinit: (1):check_nvram_ready(), property_get("vendor.service.nvram_init") = , read_nvram_ready_retry = 38
05-16 09:05:27.920   518   629 W SpeechMessengerNormal: formatShareMemoryThread(), #176 checkModemReady fail...
05-16 09:05:28.020   518   629 W SpeechMessengerNormal: formatShareMemoryThread(), #177 checkModemReady fail...
05-16 09:05:28.120   518   629 W SpeechMessengerNormal: formatShareMemoryThread(), #178 checkModemReady fail...
05-16 09:05:28.220   518   629 W SpeechMessengerNormal: formatShareMemoryThread(), #179 checkModemReady fail...
05-16 09:05:28.321   518   629 W SpeechMessengerNormal: formatShareMemoryThread(), #180 checkModemReady fail...
05-16 09:05:28.377   558   558 I ccci_mdinit: (1):check_nvram_ready(), property_get("vendor.service.nvram_init") = , read_nvram_ready_retry = 39
05-16 09:05:28.421   518   629 W SpeechMessengerNormal: formatShareMemoryThread(), #181 checkModemReady fail...
05-16 09:05:28.521   518   629 W SpeechMessengerNormal: formatShareMemoryThread(), #182 checkModemReady fail...
05-16 09:05:28.621   518   629 W SpeechMessengerNormal: formatShareMemoryThread(), #183 checkModemReady fail...
05-16 09:05:28.722   518   629 W SpeechMessengerNormal: formatShareMemoryThread(), #184 checkModemReady fail...
05-16 09:05:28.822   518   629 W SpeechMessengerNormal: formatShareMemoryThread(), #185 checkModemReady fail...
05-16 09:05:28.877   558   558 I ccci_mdinit: (1):check_nvram_ready(), property_get("vendor.service.nvram_init") = , read_nvram_ready_retry = 40
05-16 09:05:28.922   518   629 W SpeechMessengerNormal: formatShareMemoryThread(), #186 checkModemReady fail...
05-16 09:05:29.022   518   629 W SpeechMessengerNormal: formatShareMemoryThread(), #187 checkModemReady fail...
05-16 09:05:29.122   518   629 W SpeechMessengerNormal: formatShareMemoryThread(), #188 checkModemReady fail...
05-16 09:05:29.223   518   629 W SpeechMessengerNormal: formatShareMemoryThread(), #189 checkModemReady fail...
05-16 09:05:29.323   518   629 W SpeechMessengerNormal: formatShareMemoryThread(), #190 checkModemReady fail...
05-16 09:05:29.377   558   558 I ccci_mdinit: (1):check_nvram_ready(), property_get("vendor.service.nvram_init") = , read_nvram_ready_retry = 41
05-16 09:05:29.423   518   629 W SpeechMessengerNormal: formatShareMemoryThread(), #191 checkModemReady fail...
05-16 09:05:29.523   518   629 W SpeechMessengerNormal: formatShareMemoryThread(), #192 checkModemReady fail...
05-16 09:05:29.624   518   629 W SpeechMessengerNormal: formatShareMemoryThread(), #193 checkModemReady fail...
05-16 09:05:29.724   518   629 W SpeechMessengerNormal: formatShareMemoryThread(), #194 checkModemReady fail...
05-16 09:05:29.824   518   629 W SpeechMessengerNormal: formatShareMemoryThread(), #195 checkModemReady fail...
05-16 09:05:29.878   558   558 I ccci_mdinit: (1):check_nvram_ready(), property_get("vendor.service.nvram_init") = , read_nvram_ready_retry = 42
05-16 09:05:29.924   518   629 W SpeechMessengerNormal: formatShareMemoryThread(), #196 checkModemReady fail...
05-16 09:05:30.025   518   629 W SpeechMessengerNormal: formatShareMemoryThread(), #197 checkModemReady fail...
05-16 09:05:30.125   518   629 W SpeechMessengerNormal: formatShareMemoryThread(), #198 checkModemReady fail...
05-16 09:05:30.225   518   629 W SpeechMessengerNormal: formatShareMemoryThread(), #199 checkModemReady fail...
05-16 09:05:30.325   518   629 W SpeechMessengerNormal: formatShareMemoryThread(), #200 checkModemReady fail...
05-16 09:05:30.378   558   558 I ccci_mdinit: (1):check_nvram_ready(), property_get("vendor.service.nvram_init") = , read_nvram_ready_retry = 43
05-16 09:05:30.425   518   629 W SpeechMessengerNormal: formatShareMemoryThread(), #201 checkModemReady fail...
05-16 09:05:30.526   518   629 W SpeechMessengerNormal: formatShareMemoryThread(), #202 checkModemReady fail...
05-16 09:05:30.626   518   629 W SpeechMessengerNormal: formatShareMemoryThread(), #203 checkModemReady fail...
05-16 09:05:30.726   518   629 W SpeechMessengerNormal: formatShareMemoryThread(), #204 checkModemReady fail...
05-16 09:05:30.827   518   629 W SpeechMessengerNormal: formatShareMemoryThread(), #205 checkModemReady fail...
05-16 09:05:30.879   558   558 I ccci_mdinit: (1):check_nvram_ready(), property_get("vendor.service.nvram_init") = , read_nvram_ready_retry = 44
05-16 09:05:30.927   518   629 W SpeechMessengerNormal: formatShareMemoryThread(), #206 checkModemReady fail...
05-16 09:05:31.027   518   629 W SpeechMessengerNormal: formatShareMemoryThread(), #207 checkModemReady fail...
05-16 09:05:31.034   810   810 I getprop : type=1400 audit(0.0:329): avc: denied { open } for path="/dev/__properties__/u:object_r:ctl_fuse_prop:s0" dev="tmpfs" ino=72 scontext=u:r:shell:s0 tcontext=u:object_r:ctl_fuse_prop:s0 tclass=file permissive=1
05-16 09:05:31.034   810   810 I getprop : type=1400 audit(0.0:330): avc: denied { getattr } for path="/dev/__properties__/u:object_r:ctl_fuse_prop:s0" dev="tmpfs" ino=72 scontext=u:r:shell:s0 tcontext=u:object_r:ctl_fuse_prop:s0 tclass=file permissive=1
05-16 09:05:31.034   810   810 I getprop : type=1400 audit(0.0:331): avc: denied { open } for path="/dev/__properties__/u:object_r:ctl_fusion_ril_mtk_prop:s0" dev="tmpfs" ino=73 scontext=u:r:shell:s0 tcontext=u:object_r:ctl_fusion_ril_mtk_prop:s0 tclass=file permissive=1
05-16 09:05:31.034   810   810 I getprop : type=1400 audit(0.0:332): avc: denied { getattr } for path="/dev/__properties__/u:object_r:ctl_fusion_ril_mtk_prop:s0" dev="tmpfs" ino=73 scontext=u:r:shell:s0 tcontext=u:object_r:ctl_fusion_ril_mtk_prop:s0 tclass=file permissive=1
05-16 09:05:31.034   810   810 I getprop : type=1400 audit(0.0:333): avc: denied { open } for path="/dev/__properties__/u:object_r:ctl_mdnsd_prop:s0" dev="tmpfs" ino=78 scontext=u:r:shell:s0 tcontext=u:object_r:ctl_mdnsd_prop:s0 tclass=file permissive=1
05-16 09:05:31.127   518   629 W SpeechMessengerNormal: formatShareMemoryThread(), #208 checkModemReady fail...
05-16 09:05:31.187   814   814 W cmd     : Can't find service window
05-16 09:05:31.228   518   629 W SpeechMessengerNormal: formatShareMemoryThread(), #209 checkModemReady fail...
05-16 09:05:31.315   818   818 W cmd     : Can't find service window
05-16 09:05:31.328   518   629 W SpeechMessengerNormal: formatShareMemoryThread(), #210 checkModemReady fail...
05-16 09:05:31.379   558   558 I ccci_mdinit: (1):check_nvram_ready(), property_get("vendor.service.nvram_init") = , read_nvram_ready_retry = 45
05-16 09:05:31.428   518   629 W SpeechMessengerNormal: formatShareMemoryThread(), #211 checkModemReady fail...
05-16 09:05:31.528   518   629 W SpeechMessengerNormal: formatShareMemoryThread(), #212 checkModemReady fail...
05-16 09:05:31.628   518   629 W SpeechMessengerNormal: formatShareMemoryThread(), #213 checkModemReady fail...
05-16 09:05:31.729   518   629 W SpeechMessengerNormal: formatShareMemoryThread(), #214 checkModemReady fail...
05-16 09:05:31.829   518   629 W SpeechMessengerNormal: formatShareMemoryThread(), #215 checkModemReady fail...
05-16 09:05:31.879   558   558 I ccci_mdinit: (1):check_nvram_ready(), property_get("vendor.service.nvram_init") = , read_nvram_ready_retry = 46
05-16 09:05:31.929   518   629 W SpeechMessengerNormal: formatShareMemoryThread(), #216 checkModemReady fail...
05-16 09:05:32.029   518   629 W SpeechMessengerNormal: formatShareMemoryThread(), #217 checkModemReady fail...
05-16 09:05:32.130   518   629 W SpeechMessengerNormal: formatShareMemoryThread(), #218 checkModemReady fail...
05-16 09:05:32.230   518   629 W SpeechMessengerNormal: formatShareMemoryThread(), #219 checkModemReady fail...
05-16 09:05:32.330   518   629 W SpeechMessengerNormal: formatShareMemoryThread(), #220 checkModemReady fail...
05-16 09:05:32.379   558   558 I ccci_mdinit: (1):check_nvram_ready(), property_get("vendor.service.nvram_init") = , read_nvram_ready_retry = 47
05-16 09:05:32.430   518   629 W SpeechMessengerNormal: formatShareMemoryThread(), #221 checkModemReady fail...
05-16 09:05:32.531   518   629 W SpeechMessengerNormal: formatShareMemoryThread(), #222 checkModemReady fail...
05-16 09:05:32.631   518   629 W SpeechMessengerNormal: formatShareMemoryThread(), #223 checkModemReady fail...
05-16 09:05:32.731   518   629 W SpeechMessengerNormal: formatShareMemoryThread(), #224 checkModemReady fail...
05-16 09:05:32.831   518   629 W SpeechMessengerNormal: formatShareMemoryThread(), #225 checkModemReady fail...
05-16 09:05:32.880   558   558 I ccci_mdinit: (1):check_nvram_ready(), property_get("vendor.service.nvram_init") = , read_nvram_ready_retry = 48
05-16 09:05:32.932   518   629 W SpeechMessengerNormal: formatShareMemoryThread(), #226 checkModemReady fail...
05-16 09:05:33.032   518   629 W SpeechMessengerNormal: formatShareMemoryThread(), #227 checkModemReady fail...
05-16 09:05:33.132   518   629 W SpeechMessengerNormal: formatShareMemoryThread(), #228 checkModemReady fail...
05-16 09:05:33.233   518   629 W SpeechMessengerNormal: formatShareMemoryThread(), #229 checkModemReady fail...
05-16 09:05:33.333   518   629 W SpeechMessengerNormal: formatShareMemoryThread(), #230 checkModemReady fail...
05-16 09:05:33.380   558   558 I ccci_mdinit: (1):check_nvram_ready(), property_get("vendor.service.nvram_init") = , read_nvram_ready_retry = 49
05-16 09:05:33.433   518   629 W SpeechMessengerNormal: formatShareMemoryThread(), #231 checkModemReady fail...
05-16 09:05:33.533   518   629 W SpeechMessengerNormal: formatShareMemoryThread(), #232 checkModemReady fail...
05-16 09:05:33.634   518   629 W SpeechMessengerNormal: formatShareMemoryThread(), #233 checkModemReady fail...
05-16 09:05:33.734   518   629 W SpeechMessengerNormal: formatShareMemoryThread(), #234 checkModemReady fail...
05-16 09:05:33.835   518   629 W SpeechMessengerNormal: formatShareMemoryThread(), #235 checkModemReady fail...
05-16 09:05:33.880   558   558 I ccci_mdinit: (1):check_nvram_ready(), property_get("vendor.service.nvram_init") = , read_nvram_ready_retry = 50
05-16 09:05:33.935   518   629 W SpeechMessengerNormal: formatShareMemoryThread(), #236 checkModemReady fail...
05-16 09:05:34.035   518   629 W SpeechMessengerNormal: formatShareMemoryThread(), #237 checkModemReady fail...
05-16 09:05:34.135   518   629 W SpeechMessengerNormal: formatShareMemoryThread(), #238 checkModemReady fail...
05-16 09:05:34.236   518   629 W SpeechMessengerNormal: formatShareMemoryThread(), #239 checkModemReady fail...
05-16 09:05:34.336   518   629 W SpeechMessengerNormal: formatShareMemoryThread(), #240 checkModemReady fail...
05-16 09:05:34.380   558   558 I ccci_mdinit: (1):check_nvram_ready(), property_get("vendor.service.nvram_init") = , read_nvram_ready_retry = 51
05-16 09:05:34.436   518   629 W SpeechMessengerNormal: formatShareMemoryThread(), #241 checkModemReady fail...
05-16 09:05:34.536   518   629 W SpeechMessengerNormal: formatShareMemoryThread(), #242 checkModemReady fail...
05-16 09:05:34.637   518   629 W SpeechMessengerNormal: formatShareMemoryThread(), #243 checkModemReady fail...
05-16 09:05:34.737   518   629 W SpeechMessengerNormal: formatShareMemoryThread(), #244 checkModemReady fail...
05-16 09:05:34.837   518   629 W SpeechMessengerNormal: formatShareMemoryThread(), #245 checkModemReady fail...
05-16 09:05:34.881   558   558 I ccci_mdinit: (1):check_nvram_ready(), property_get("vendor.service.nvram_init") = , read_nvram_ready_retry = 52
05-16 09:05:34.937   518   629 W SpeechMessengerNormal: formatShareMemoryThread(), #246 checkModemReady fail...
05-16 09:05:35.038   518   629 W SpeechMessengerNormal: formatShareMemoryThread(), #247 checkModemReady fail...
05-16 09:05:35.138   518   629 W SpeechMessengerNormal: formatShareMemoryThread(), #248 checkModemReady fail...
05-16 09:05:35.238   518   629 W SpeechMessengerNormal: formatShareMemoryThread(), #249 checkModemReady fail...
05-16 09:05:35.338   518   629 W SpeechMessengerNormal: formatShareMemoryThread(), #250 checkModemReady fail...
05-16 09:05:35.381   558   558 I ccci_mdinit: (1):check_nvram_ready(), property_get("vendor.service.nvram_init") = , read_nvram_ready_retry = 53
05-16 09:05:35.439   518   629 W SpeechMessengerNormal: formatShareMemoryThread(), #251 checkModemReady fail...
05-16 09:05:35.539   518   629 W SpeechMessengerNormal: formatShareMemoryThread(), #252 checkModemReady fail...
05-16 09:05:35.639   518   629 W SpeechMessengerNormal: formatShareMemoryThread(), #253 checkModemReady fail...
05-16 09:05:35.739   518   629 W SpeechMessengerNormal: formatShareMemoryThread(), #254 checkModemReady fail...
05-16 09:05:35.840   518   629 W SpeechMessengerNormal: formatShareMemoryThread(), #255 checkModemReady fail...
05-16 09:05:35.881   558   558 I ccci_mdinit: (1):check_nvram_ready(), property_get("vendor.service.nvram_init") = , read_nvram_ready_retry = 54
05-16 09:05:35.940   518   629 W SpeechMessengerNormal: formatShareMemoryThread(), #256 checkModemReady fail...
05-16 09:05:36.040   518   629 W SpeechMessengerNormal: formatShareMemoryThread(), #257 checkModemReady fail...
05-16 09:05:36.140   518   629 W SpeechMessengerNormal: formatShareMemoryThread(), #258 checkModemReady fail...
05-16 09:05:36.241   518   629 W SpeechMessengerNormal: formatShareMemoryThread(), #259 checkModemReady fail...
05-16 09:05:36.341   518   629 W SpeechMessengerNormal: formatShareMemoryThread(), #260 checkModemReady fail...
05-16 09:05:36.381   558   558 I ccci_mdinit: (1):check_nvram_ready(), property_get("vendor.service.nvram_init") = , read_nvram_ready_retry = 55
05-16 09:05:36.441   518   629 W SpeechMessengerNormal: formatShareMemoryThread(), #261 checkModemReady fail...
05-16 09:05:36.541   518   629 W SpeechMessengerNormal: formatShareMemoryThread(), #262 checkModemReady fail...
05-16 09:05:36.642   518   629 W SpeechMessengerNormal: formatShareMemoryThread(), #263 checkModemReady fail...
05-16 09:05:36.742   518   629 W SpeechMessengerNormal: formatShareMemoryThread(), #264 checkModemReady fail...
05-16 09:05:36.842   518   629 W SpeechMessengerNormal: formatShareMemoryThread(), #265 checkModemReady fail...
05-16 09:05:36.882   558   558 I ccci_mdinit: (1):check_nvram_ready(), property_get("vendor.service.nvram_init") = , read_nvram_ready_retry = 56
05-16 09:05:36.942   518   629 W SpeechMessengerNormal: formatShareMemoryThread(), #266 checkModemReady fail...
05-16 09:05:37.043   518   629 W SpeechMessengerNormal: formatShareMemoryThread(), #267 checkModemReady fail...
05-16 09:05:37.143   518   629 W SpeechMessengerNormal: formatShareMemoryThread(), #268 checkModemReady fail...
05-16 09:05:37.243   518   629 W SpeechMessengerNormal: formatShareMemoryThread(), #269 checkModemReady fail...
