05-16 09:05:09.866   558   558 I ccci_mdinit: (1):check_nvram_ready(), property_get("vendor.service.nvram_init") = , read_nvram_ready_retry = 2
05-16 09:05:09.867   553   553 D SurfaceFlinger: shader cache generated - 24 shaders in 119.608231 ms
05-16 09:05:09.871   553   553 D SurfaceFlinger: Set power mode=2, type=0 flinger=0x74a2258000
05-16 09:05:09.872   528   528 I hwcomposer: [HWC] Display(0) SetPowerMode(2)  
05-16 09:05:09.877   568   568 I wmt_launcher: get property(vendor.connsys.driver.ready) is no
05-16 09:05:09.887   566   566 I wmt_loader: chip id from property:-1
05-16 09:05:09.888   566   566 I wmt_loader: SOC chip no need do combo chip power on.
05-16 09:05:09.888   566   566 I wmt_loader: chipid (0x6739) detected
05-16 09:05:09.892   566   566 I wmt_loader: set property(persist.vendor.connsys.chipid) to 0x6739 succeed.
05-16 09:05:09.910   623   623 I ueventd : type=1400 audit(0.0:13): avc: denied { read } for name="image" dev="mmcblk0p31" ino=26 scontext=u:r:ueventd:s0 tcontext=u:object_r:unlabeled:s0 tclass=lnk_file permissive=1
05-16 09:05:09.910   566   566 I wmt_loader: type=1400 audit(0.0:14): avc: denied { setattr } for name="wmt_dbg" dev="proc" ino=4026533284 scontext=u:r:wmt_loader:s0 tcontext=u:object_r:proc_wmtdbg:s0 tclass=file permissive=1
05-16 09:05:09.914   566   566 I wmt_loader: do kernel module init succeed: 0
05-16 09:05:09.914   553   553 D SurfaceFlinger: Finished set power mode=2, type=0
05-16 09:05:09.915   566   566 E wmt_loader: chown wmt_dbg or wmt_aee fail:Operation not permitted
05-16 09:05:09.917   566   566 I wmt_loader: set property(vendor.connsys.driver.ready) to yes succeed
05-16 09:05:09.955   518   608 D AudioALSAHardware: +mAudioALSAHardware
05-16 09:05:09.955   518   608 D AudioSpeechEnhanceInfo: getInstance()
05-16 09:05:09.955   518   608 D AudioSpeechEnhanceInfo: AudioSpeechEnhanceInfo()
05-16 09:05:09.956   518   608 D AudioCustParamClient: AudioCustParamClient()
05-16 09:05:09.956   518   608 D AudioCustParamClient: init(), acpOpsInited(0)
05-16 09:05:09.956   518   608 D AudioCustParamClient: init(), init AcpOps struct
05-16 09:05:09.962   518   608 D AudioCustParam: appOpsGetInstance(), init AppOps struct, lib is libaudio_param_parser-vnd.so
05-16 09:05:09.985   518   608 D AudioParamParser-vnd: getDebugLevel(), debug level = -1
05-16 09:05:09.985   518   608 D         : infoId = 41, info = 0
05-16 09:05:09.993   518   608 D AudioParamParser-vnd: appHandleLoadDirAudioTypeInfo(), Don't load audio param xml = VoIPv2UI_AudioParam.xml
05-16 09:05:09.994   518   608 D AudioParamParser-vnd: appHandleLoadDirAudioTypeInfo(), Don't load audio param xml = VoIPVolUI_AudioParam.xml
05-16 09:05:09.994   518   608 D AudioParamParser-vnd: appHandleLoadDirAudioTypeInfo(), Don't load audio param xml = VoIPUI_AudioParam.xml
05-16 09:05:09.994   518   608 D AudioParamParser-vnd: appHandleLoadDirAudioTypeInfo(), Don't load audio param xml = SpeechVolUI_AudioParam.xml
05-16 09:05:09.995   518   608 D AudioParamParser-vnd: appHandleLoadDirAudioTypeInfo(), Don't load audio param xml = SpeechUI_AudioParam.xml
05-16 09:05:09.995   518   608 D AudioParamParser-vnd: appHandleLoadDirAudioTypeInfo(), Don't load audio param xml = RingbackVolUI_AudioParam.xml
05-16 09:05:09.995   518   608 D AudioParamParser-vnd: appHandleLoadDirAudioTypeInfo(), Don't load audio param xml = RecordVolUI_AudioParam.xml
05-16 09:05:09.995   518   608 D AudioParamParser-vnd: appHandleLoadDirAudioTypeInfo(), Don't load audio param xml = RecordUI_AudioParam.xml
05-16 09:05:09.996   518   608 D AudioParamParser-vnd: appHandleLoadDirAudioTypeInfo(), Don't load audio param xml = PlaybackVolUI_AudioParam.xml
05-16 09:05:10.177   568   568 I wmt_launcher: get property(vendor.connsys.driver.ready) is yes
05-16 09:05:10.177   568   568 I wmt_launcher: open device node succeed.(Node:/dev/stpwmt, fd:5) 
05-16 09:05:10.177   568   568 I wmt_launcher: key:(persist.vendor.connsys.chipid)-value:(0x6739),chip_id:0x6739
05-16 09:05:10.177   568   568 I wmt_launcher: chip_id:0x6739
05-16 09:05:10.177   568   568 I wmt_launcher: patch path:/vendor/firmware/
05-16 09:05:10.177   568   568 I wmt_launcher: (persist.vendor.connsys.fwlog.status) is not supported
05-16 09:05:10.177   568   568 I wmt_launcher: get property (persist.vendor.connsys.dynamic.dump) is 0
05-16 09:05:10.177   568   568 I wmt_launcher: get property(vendor.connsys.formeta.ready) failed iRet:0 or property is 
05-16 09:05:10.183   518   608 D AudioSpeechEnhanceInfo: AudioSpeechEnhanceInfo(), mAudioCustParamClient(0xe7b400a0)
05-16 09:05:10.183   518   608 D AudioMTKGainController: AudioMTKGainController contructor
05-16 09:05:10.184   518   608 D AudioALSADriverUtility: AudioALSADriverUtility()
05-16 09:05:10.184   518   608 D AudioALSADeviceParser: getCardName(), card name mtsndcard
05-16 09:05:10.184   518   608 D AudioALSADeviceParser: card open success
05-16 09:05:10.184   518   608 D AudioALSADeviceParser: 	current CardIndex = 0, Rch =  0 
05-16 09:05:10.184   518   608 D AudioALSADeviceParser: 	current sound card name = mtsndcard
05-16 09:05:10.184   518   608 D AudioALSADeviceParser: 	mCardIndex found = 0
05-16 09:05:10.185   518   608 D AudioALSADeviceParser: GetAllPcmAttribute(), Pcm open success
05-16 09:05:10.190   518   608 D AudioALSADeviceParser: Device 6 does not exist playback
05-16 09:05:10.195   518   608 D AudioALSADeviceParser: Device 18 does not exist playback
05-16 09:05:10.195   518   608 D AudioALSADeviceParser: Device 18 does not exist capture
05-16 09:05:10.200   518   608 D AudioALSADeviceParser: name = MultiMedia1_PLayback, card index = 0, pcm index = 0, playback  = 1, capture = 0
05-16 09:05:10.200   518   608 D AudioALSADeviceParser: name = MultiMedia1_Capture, card index = 0, pcm index = 1, playback  = 0, capture = 1
05-16 09:05:10.200   518   608 D AudioALSADeviceParser: name = Voice_MD1_PLayback, card index = 0, pcm index = 2, playback  = 1, capture = 1
05-16 09:05:10.200   518   608 D AudioALSADeviceParser: name = ULDL_Loopback, card index = 0, pcm index = 3, playback  = 1, capture = 1
05-16 09:05:10.200   518   608 D AudioALSADeviceParser: name = I2S0_PLayback, card index = 0, pcm index = 4, playback  = 1, capture = 0
05-16 09:05:10.200   518   608 D AudioALSADeviceParser: name = MRGRX_PLayback, card index = 0, pcm index = 5, playback  = 1, capture = 1
05-16 09:05:10.200   518   608 D AudioALSADeviceParser: name = MRGRX_CAPTURE, card index = 0, pcm index = 6, playback  = 1, capture = 1
05-16 09:05:10.200   518   608 D AudioALSADeviceParser: name = I2S0DL1_PLayback, card index = 0, pcm index = 7, playback  = 1, capture = 0
05-16 09:05:10.200   518   608 D AudioALSADeviceParser: name = Deep_Buffer_PLayback, card index = 0, pcm index = 8, playback  = 1, capture = 0
05-16 09:05:10.200   518   608 D AudioALSADeviceParser: name = DL1_AWB_Record, card index = 0, pcm index = 9, playback  = 0, capture = 1
05-16 09:05:10.200   518   608 D AudioALSADeviceParser: name = Voice_MD1_BT_Playback, card index = 0, pcm index = 10, playback  = 1, capture = 0
05-16 09:05:10.200   518   608 D AudioALSADeviceParser: name = VOIP_Call_BT_Playback, card index = 0, pcm index = 11, playback  = 1, capture = 0
05-16 09:05:10.200   518   608 D AudioALSADeviceParser: name = VOIP_Call_BT_Capture, card index = 0, pcm index = 12, playback  = 0, capture = 1
05-16 09:05:10.200   518   608 D AudioALSADeviceParser: name = TDM_Debug_Record, card index = 0, pcm index = 13, playback  = 0, capture = 1
05-16 09:05:10.200   518   608 D AudioALSADeviceParser: name = FM_MRGTX_Playback, card index = 0, pcm index = 14, playback  = 1, capture = 0
05-16 09:05:10.200   518   608 D AudioALSADeviceParser: name = MultiMediaData2_Capture, card index = 0, pcm index = 15, playback  = 0, capture = 1
05-16 09:05:10.200   518   608 D AudioALSADeviceParser: name = I2S0AWB_Capture, card index = 0, pcm index = 16, playback  = 0, capture = 1
05-16 09:05:10.200   518   608 D AudioALSADeviceParser: name = Voice_MD2_PLayback, card index = 0, pcm index = 17, playback  = 1, capture = 1
05-16 09:05:10.200   518   608 D AudioALSADeviceParser: name = MultiMedia_Routing, card index = 0, pcm index = 18, playback  = 1, capture = 1
05-16 09:05:10.200   518   608 D AudioALSADeviceParser: name = Voice_MD2_BT_Playback, card index = 0, pcm index = 19, playback  = 1, capture = 0
05-16 09:05:10.200   518   608 D AudioALSADeviceParser: name = HP_IMPEDANCE_Playback, card index = 0, pcm index = 20, playback  = 1, capture = 0
05-16 09:05:10.200   518   608 D AudioALSADeviceParser: name = FM_I2S_Playback, card index = 0, pcm index = 21, playback  = 1, capture = 0
05-16 09:05:10.200   518   608 D AudioALSADeviceParser: name = FM_I2S_Capture, card index = 0, pcm index = 22, playback  = 0, capture = 1
05-16 09:05:10.200   518   608 D AudioALSADeviceParser: name = MultiMedia2_PLayback, card index = 0, pcm index = 23, playback  = 1, capture = 0
05-16 09:05:10.200   518   608 D AudioALSADeviceParser: name = MultiMedia3_PLayback, card index = 0, pcm index = 24, playback  = 1, capture = 0
05-16 09:05:10.200   518   608 D AudioALSADeviceParser: name = BTCVSD_Capture, card index = 0, pcm index = 25, playback  = 1, capture = 1
05-16 09:05:10.200   518   608 D AudioALSADeviceParser: name = BTCVSD_Playback, card index = 0, pcm index = 26, playback  = 1, capture = 1
05-16 09:05:10.201   518   608 D AudioALSADeviceParser: name = ANC_Record, card index = 0, pcm index = 27, playback  = 0, capture = 1
05-16 09:05:10.201   518   608 D AudioALSADeviceParser: name = Voice_USB_PLayback, card index = 0, pcm index = 28, playback  = 1, capture = 1
05-16 09:05:10.201   518   608 D AudioALSADeviceParser: name = Voice_USB_EchoRef, card index = 0, pcm index = 29, playback  = 1, capture = 0
05-16 09:05:10.201   518   608 D AudioALSADeviceParser: name = Headphone_PLayback, card index = 0, pcm index = 30, playback  = 1, capture = 1
05-16 09:05:10.201   518   608 D AudioALSADeviceParser: name = Speaker_PLayback, card index = 0, pcm index = 31, playback  = 1, capture = 1
05-16 09:05:10.201   518   608 D AudioALSADeviceParser: name = I2S2ADC2_Capture, card index = 0, pcm index = 32, playback  = 0, capture = 1
05-16 09:05:10.201   518   608 D AudioALSADriverUtility: mMixer = 0xe6b081c0
05-16 09:05:10.207   518   608 D AudioALSADeviceConfigManager: TiXmlDeclaration version = 1.0, Encoding = UTF-8, Standalone = 
05-16 09:05:10.207   518   608 D AudioALSADeviceConfigManager: GetVersion = 1.01
05-16 09:05:10.207   518   608 D AudioALSADeviceConfigManager: +ParseInitSequence()
05-16 09:05:10.207   518   608 D AudioALSADeviceConfigManager: valname = Audio_Speaker_class_Switch  valvalue = CLASSAB  
05-16 09:05:10.207   518   608 D AudioALSADeviceConfigManager: -ParseInitSequence()
05-16 09:05:10.207   518   608 D AudioALSADeviceConfigManager: ParseDeviceSequence() devicename = headphone_output action = turnon
05-16 09:05:10.208   518   608 D AudioALSADeviceConfigManager: ParseDeviceSequence() devicename = headphone_output action = turnoff
05-16 09:05:10.208   518   608 D AudioALSADeviceConfigManager: ParseDeviceSequence() devicename = receiver_output action = turnon
05-16 09:05:10.208   518   608 D AudioALSADeviceConfigManager: ParseDeviceSequence() devicename = receiver_output action = turnoff
05-16 09:05:10.208   518   608 D AudioALSADeviceConfigManager: ParseDeviceSequence() devicename = two_in_one_speaker_output action = turnon
05-16 09:05:10.208   518   608 D AudioALSADeviceConfigManager: ParseDeviceSequence() devicename = two_in_one_speaker_output action = turnoff
05-16 09:05:10.208   518   608 D AudioALSADeviceConfigManager: ParseDeviceSequence() devicename = speaker_output action = turnon
05-16 09:05:10.208   518   608 D AudioALSADeviceConfigManager: ParseDeviceSequence() devicename = speaker_output action = turnoff
05-16 09:05:10.208   518   608 D AudioALSADeviceConfigManager: ParseDeviceSequence() devicename = headphoneSpeaker_output action = turnon
05-16 09:05:10.208   518   608 D AudioALSADeviceConfigManager: ParseDeviceSequence() devicename = headphoneSpeaker_output action = turnoff
05-16 09:05:10.208   518   608 D AudioALSADeviceConfigManager: ParseDeviceSequence() devicename = maxim_speaker_output action = turnon
05-16 09:05:10.208   518   608 D AudioALSADeviceConfigManager: ParseDeviceSequence() devicename = maxim_speaker_output action = turnoff
05-16 09:05:10.208   518   608 D AudioALSADeviceConfigManager: ParseDeviceSequence() devicename = maxim_headphoneSpeaker_output action = turnon
05-16 09:05:10.208   518   608 D AudioALSADeviceConfigManager: ParseDeviceSequence() devicename = maxim_headphoneSpeaker_output action = turnoff
05-16 09:05:10.208   518   608 D AudioALSADeviceConfigManager: ParseDeviceSequence() devicename = ext_speaker_output action = turnon
05-16 09:05:10.208   518   608 D AudioALSADeviceConfigManager: ParseDeviceSequence() devicename = ext_speaker_output action = turnoff
05-16 09:05:10.208   518   608 D AudioALSADeviceConfigManager: ParseDeviceSequence() devicename = builtin_Mic_Mic1 action = turnon
05-16 09:05:10.208   518   608 D AudioALSADeviceConfigManager: ParseDeviceSequence() devicename = builtin_Mic_Mic1 action = turnoff
05-16 09:05:10.208   518   608 D AudioALSADeviceConfigManager: ParseDeviceSequence() devicename = builtin_Mic_Mic1_Inverse action = turnon
05-16 09:05:10.208   518   608 D AudioALSADeviceConfigManager: ParseDeviceSequence() devicename = builtin_Mic_Mic1_Inverse action = turnoff
05-16 09:05:10.208   518   608 D AudioALSADeviceConfigManager: ParseDeviceSequence() devicename = builtin_Mic_Mic2 action = turnon
05-16 09:05:10.208   518   608 D AudioALSADeviceConfigManager: ParseDeviceSequence() devicename = builtin_Mic_Mic2 action = turnoff
05-16 09:05:10.208   518   608 D AudioALSADeviceConfigManager: ParseDeviceSequence() devicename = builtin_Mic_Mic2_Inverse action = turnon
05-16 09:05:10.209   518   608 D AudioALSADeviceConfigManager: ParseDeviceSequence() devicename = builtin_Mic_Mic2_Inverse action = turnoff
05-16 09:05:10.209   518   608 D AudioALSADeviceConfigManager: ParseDeviceSequence() devicename = builtin_Mic_SingleMic action = turnon
05-16 09:05:10.209   518   608 D AudioALSADeviceConfigManager: ParseDeviceSequence() devicename = builtin_Mic_SingleMic action = turnoff
05-16 09:05:10.209   518   608 D AudioALSADeviceConfigManager: ParseDeviceSequence() devicename = builtin_Mic_DualMic action = turnon
05-16 09:05:10.209   518   608 D AudioALSADeviceConfigManager: ParseDeviceSequence() devicename = builtin_Mic_DualMic action = turnoff
05-16 09:05:10.209   518   608 D AudioALSADeviceConfigManager: ParseDeviceSequence() devicename = builtin_Mic_BackMic action = turnon
05-16 09:05:10.209   518   608 D AudioALSADeviceConfigManager: ParseDeviceSequence() devicename = builtin_Mic_BackMic action = turnoff
05-16 09:05:10.209   518   608 D AudioALSADeviceConfigManager: ParseDeviceSequence() devicename = builtin_Mic_BackMic_Inverse action = turnon
05-16 09:05:10.209   518   608 D AudioALSADeviceConfigManager: ParseDeviceSequence() devicename = builtin_Mic_BackMic_Inverse action = turnoff
05-16 09:05:10.209   518   608 D AudioALSADeviceConfigManager: ParseDeviceSequence() devicename = headset_mic_input action = turnon
05-16 09:05:10.209   518   608 D AudioALSADeviceConfigManager: ParseDeviceSequence() devicename = headset_mic_input action = turnoff
05-16 09:05:10.209   518   608 D AudioALSADeviceConfigManager: ParseDeviceSequence() devicename = sidetone_switch action = turnon
05-16 09:05:10.209   518   608 D AudioALSADeviceConfigManager: ParseDeviceSequence() devicename = sidetone_switch action = turnoff
05-16 09:05:10.209   518   608 D AudioALSADeviceConfigManager: ParseDeviceSequence() devicename = Mic1TypeACCMode action = setting
05-16 09:05:10.209   518   608 D AudioALSADeviceConfigManager: ParseDeviceSequence() devicename = Mic1TypeDCCMode action = setting
05-16 09:05:10.209   518   608 D AudioALSADeviceConfigManager: ParseDeviceSequence() devicename = Mic1TypeDMICMode action = setting
05-16 09:05:10.209   518   608 D AudioALSADeviceConfigManager: ParseDeviceSequence() devicename = Mic1TypeDCCECMDIFFMode action = setting
05-16 09:05:10.209   518   608 D AudioALSADeviceConfigManager: ParseDeviceSequence() devicename = Mic1TypeDCCECMSINGLEMode action = setting
05-16 09:05:10.209   518   608 D AudioALSADeviceConfigManager: ParseDeviceSequence() devicename = Mic2TypeACCMode action = setting
05-16 09:05:10.209   518   608 D AudioALSADeviceConfigManager: ParseDeviceSequence() devicename = Mic2TypeDCCMode action = setting
05-16 09:05:10.209   518   608 D AudioALSADeviceConfigManager: ParseDeviceSequence() devicename = Mic2TypeDMICMode action = setting
05-16 09:05:10.209   518   608 D AudioALSADeviceConfigManager: ParseDeviceSequence() devicename = Mic2TypeDCCECMDIFFMode action = setting
05-16 09:05:10.210   518   608 D AudioALSADeviceConfigManager: ParseDeviceSequence() devicename = Mic2TypeDCCECMSINGLEMode action = setting
05-16 09:05:10.210   518   608 D AudioALSADeviceConfigManager: ParseDeviceSequence() devicename = Mic3TypeACCMode action = setting
05-16 09:05:10.210   518   608 D AudioALSADeviceConfigManager: ParseDeviceSequence() devicename = Mic3TypeDCCMode action = setting
05-16 09:05:10.210   518   608 D AudioALSADeviceConfigManager: ParseDeviceSequence() devicename = Mic3TypeDMICMode action = setting
05-16 09:05:10.210   518   608 D AudioALSADeviceConfigManager: ParseDeviceSequence() devicename = Mic3TypeDCCECMDIFFMode action = setting
05-16 09:05:10.210   518   608 D AudioALSADeviceConfigManager: ParseDeviceSequence() devicename = Mic3TypeDCCECMSINGLEMode action = setting
05-16 09:05:10.210   518   608 D AudioALSADeviceConfigManager: ParseDeviceSequence() devicename = Mic4TypeACCMode action = setting
05-16 09:05:10.210   518   608 D AudioALSADeviceConfigManager: ParseDeviceSequence() devicename = Mic4TypeDCCMode action = setting
05-16 09:05:10.210   518   608 D AudioALSADeviceConfigManager: ParseDeviceSequence() devicename = Mic4TypeDMICMode action = setting
05-16 09:05:10.210   518   608 D AudioALSADeviceConfigManager: ParseDeviceSequence() devicename = Mic4TypeDCCECMDIFFMode action = setting
05-16 09:05:10.210   518   608 D AudioALSADeviceConfigManager: ParseDeviceSequence() devicename = Mic4TypeDCCECMSINGLEMode action = setting
05-16 09:05:10.210   518   608 D AudioALSADeviceConfigManager: ParseDeviceSequence() devicename = Mic_Setting_Inverse action = setting
05-16 09:05:10.210   518   608 D AudioALSADeviceConfigManager: ParseDeviceSequence() devicename = Mic_Setting_NoInverse action = setting
05-16 09:05:10.211   518   608 D         : appOpsGetInstance(), init AppOps struct, lib is libaudio_param_parser-vnd.so
05-16 09:05:10.211   518   608 D AudioSmartPaController: initSmartPaAttribute(), spkType: int_hp_buf, isSmartPAUsed: 0, SmartPA dynamic detect: 0
05-16 09:05:10.212   518   608 D AudioALSAHardwareResourceManager: AudioALSAHardwareResourceManager()
05-16 09:05:10.213   518   608 D AudioALSACodecDeviceBase: AudioALSACodecDeviceBase()
05-16 09:05:10.213   518   608 D AudioALSACodecDeviceOutEarphonePMIC: AudioALSACodecDeviceOutEarphonePMIC()
05-16 09:05:10.213   518   608 D AudioALSACodecDeviceOutEarphonePMIC: DeviceDoDcCalibrate(), ctl Dctrim_Control_Switch = 2
05-16 09:05:10.213   518   608 D AudioALSACodecDeviceOutEarphonePMIC: DeviceDoDcCalibrate(), dc trimmed
05-16 09:05:10.213   518   608 D AudioALSACodecDeviceBase: AudioALSACodecDeviceBase()
05-16 09:05:10.213   518   608 D AudioALSACodecDeviceOutSpeakerEarphonePMIC: AudioALSACodecDeviceOutSpeakerEarphonePMIC()
05-16 09:05:10.213   518   608 D AudioALSACodecDeviceOutSpeakerEarphonePMIC: DeviceDoDcCalibrate()
05-16 09:05:10.213   518   608 D AudioALSACodecDeviceOutSpeakerEarphonePMIC: DeviceDoDcCalibrate(), can't get mixer control(Audio HPL_SPK Offset)
05-16 09:05:10.213   518   608 D AudioALSACodecDeviceOutSpeakerEarphonePMIC: DeviceDoDcCalibrate(), can't get mixer control(Audio HPR_SPK Offset)
05-16 09:05:10.213   518   608 D AudioUtility: PHONE_MIC_MODE defined!, mPhoneMicMode = 2
05-16 09:05:10.213   518   608 D AudioUtility: HEADSET_MIC_MODE defined!, mHeadsetMicMode = 2
05-16 09:05:10.213   518   608 D GainTableParamParser: getInstance()
05-16 09:05:10.213   518   608 D GainTableParamParser: GainTableParamParser()
05-16 09:05:10.213   518   608 D         : appOpsGetInstance(), init AppOps struct, lib is libaudio_param_parser-vnd.so
05-16 09:05:10.214   518   608 D GainTableParamParser: loadGainTableSpec()
05-16 09:05:10.214   518   608 D GainTableParamParser: mSpec.audioBufferGainPreferMaxIdx = 18
05-16 09:05:10.214   518   608 D GainTableParamParser: mSpec.audioBufLMixerName = Headset_PGAL_GAIN
05-16 09:05:10.214   518   608 D GainTableParamParser: mSpec.audioBufRMixerName = Headset_PGAR_GAIN
05-16 09:05:10.214   518   608 D GainTableParamParser: mSpec.voiceBufferGainPreferMaxIdx = 18
05-16 09:05:10.215   518   608 D GainTableParamParser: mSpec.voiceBufMixerName = Handset_PGA_GAIN
05-16 09:05:10.215   518   608 D GainTableParamParser: mSpec.lineoutBufferGainPreferMaxIdx = 18
05-16 09:05:10.215   518   608 D GainTableParamParser: mSpec.spkAnaType = 1
05-16 09:05:10.215   518   608 D GainTableParamParser: mSpec.spkLMixerName = Headset_PGAL_GAIN
05-16 09:05:10.215   518   608 D GainTableParamParser: mSpec.spkRMixerName = Headset_PGAR_GAIN
05-16 09:05:10.215   518   608 D GainTableParamParser: spk, db = -64, idx = 0
05-16 09:05:10.215   518   608 D GainTableParamParser: spk, db = 0, idx = 1
05-16 09:05:10.215   518   608 D GainTableParamParser: spk, db = 4, idx = 2
05-16 09:05:10.215   518   608 D GainTableParamParser: spk, db = 5, idx = 3
05-16 09:05:10.215   518   608 D GainTableParamParser: spk, db = 6, idx = 4
05-16 09:05:10.215   518   608 D GainTableParamParser: spk, db = 7, idx = 5
05-16 09:05:10.215   518   608 D GainTableParamParser: spk, db = 8, idx = 6
05-16 09:05:10.215   518   608 D GainTableParamParser: spk, db = 9, idx = 7
05-16 09:05:10.215   518   608 D GainTableParamParser: spk, db = 10, idx = 8
05-16 09:05:10.215   518   608 D GainTableParamParser: spk, db = 11, idx = 9
05-16 09:05:10.215   518   608 D GainTableParamParser: spk, db = 12, idx = 10
05-16 09:05:10.215   518   608 D GainTableParamParser: spk, db = 13, idx = 11
05-16 09:05:10.215   518   608 D GainTableParamParser: spk, db = 14, idx = 12
05-16 09:05:10.215   518   608 D GainTableParamParser: spk, db = 15, idx = 13
05-16 09:05:10.215   518   608 D GainTableParamParser: spk, db = 16, idx = 14
05-16 09:05:10.215   518   608 D GainTableParamParser: spk, db = 17, idx = 15
05-16 09:05:10.215   518   608 D GainTableParamParser: mSpec.ulPgaLMixerName = Audio_PGA1_Setting
05-16 09:05:10.215   518   608 D GainTableParamParser: mSpec.ulPgaRMixerName = Audio_PGA2_Setting
05-16 09:05:10.215   518   608 D GainTableParamParser: loadGainTableMapDl()
05-16 09:05:10.215   518   608 W GainTableParamParser: error: get paramUnit fail, paramPath = Profile,HSSPK
05-16 09:05:10.215   518   608 W GainTableParamParser: error: get paramUnit fail, paramPath = Profile,BT_A2DP
05-16 09:05:10.216   518   608 W GainTableParamParser: error: get paramUnit fail, paramPath = Profile,BT_A2DP_HP
05-16 09:05:10.216   518   608 W GainTableParamParser: error: get paramUnit fail, paramPath = Profile,BT_A2DP_SPK
05-16 09:05:10.216   518   608 D GainTableParamParser: loadGainTableMapUl()
05-16 09:05:10.216   518   608 W GainTableParamParser: error: get paramUnit fail, paramPath = Profile,BT_A2DP
05-16 09:05:10.216   518   608 W GainTableParamParser: error: get paramUnit fail, paramPath = Profile,BT_A2DP_HP
05-16 09:05:10.216   518   608 W GainTableParamParser: error: get paramUnit fail, paramPath = Profile,BT_A2DP_SPK
05-16 09:05:10.216   518   608 D GainTableParamParser: loadGainTableHpImpedance()
05-16 09:05:10.216   518   608 W GainTableParamParser: loadGainTableHpImpedance(), get paramUnit fail, paramPath = HpImpedance,mt6739, use common
05-16 09:05:10.216   518   608 D GainTableParamParser: mSpec.hpImpEnable = 1
05-16 09:05:10.216   518   608 D GainTableParamParser: mSpec.hpImpDefaultIdx = 1
05-16 09:05:10.216   518   608 D GainTableParamParser: getSceneList()
05-16 09:05:10.216   518   608 D AudioMTKGainController: allocateGainTable()
05-16 09:05:10.216   518   608 D GainTableParamParser: getGainTableParam()
05-16 09:05:10.216   518   608 D GainTableParamParser: updatePlaybackDigitalGain()
05-16 09:05:10.221   518   608 D GainTableParamParser: updatePlaybackAnalogGain()
05-16 09:05:10.226   518   608 D GainTableParamParser: updateSpeechVol()
05-16 09:05:10.226   518   608 W GainTableParamParser: 	continue, paramPath = Band,NB,Profile,USB,Network,GSM, mMapDlAnalogType[13] = -1
05-16 09:05:10.227   518   608 W GainTableParamParser: 	continue, paramPath = Band,WB,Profile,USB,Network,GSM, mMapDlAnalogType[13] = -1
05-16 09:05:10.227   518   608 W GainTableParamParser: 	continue, paramPath = Band,SWB,Profile,USB,Network,GSM, mMapDlAnalogType[13] = -1
05-16 09:05:10.228   518   608 W GainTableParamParser: 	continue, paramPath = Band,NB,Profile,USB,Network,WCDMA, mMapDlAnalogType[13] = -1
05-16 09:05:10.228   518   608 W GainTableParamParser: 	continue, paramPath = Band,WB,Profile,USB,Network,WCDMA, mMapDlAnalogType[13] = -1
05-16 09:05:10.229   518   608 W GainTableParamParser: 	continue, paramPath = Band,SWB,Profile,USB,Network,WCDMA, mMapDlAnalogType[13] = -1
05-16 09:05:10.229   518   608 W GainTableParamParser: 	continue, paramPath = Band,NB,Profile,USB,Network,VoLTE, mMapDlAnalogType[13] = -1
05-16 09:05:10.230   518   608 W GainTableParamParser: 	continue, paramPath = Band,WB,Profile,USB,Network,VoLTE, mMapDlAnalogType[13] = -1
05-16 09:05:10.231   518   608 W GainTableParamParser: 	continue, paramPath = Band,SWB,Profile,USB,Network,VoLTE, mMapDlAnalogType[13] = -1
05-16 09:05:10.231   518   608 D GainTableParamParser: updateRecordVol()
05-16 09:05:10.235   518   608 W GainTableParamParser: error, ul_gain = 2 out of bound, paramPath = Scene,Default,Application,Unprocessed,Profile,BT_A2DP
05-16 09:05:10.235   518   608 W GainTableParamParser: error, ul_gain = 2 out of bound, paramPath = Scene,Default,Application,Unprocessed,Profile,BT_A2DP_HP
05-16 09:05:10.235   518   608 W GainTableParamParser: error, ul_gain = 2 out of bound, paramPath = Scene,Default,Application,Unprocessed,Profile,BT_A2DP_SPK
05-16 09:05:10.235   518   608 D GainTableParamParser: updateVoIPVol()
05-16 09:05:10.235   518   608 W GainTableParamParser: 	continue, paramPath = Scene,Default,Profile,USB, mMapDlAnalogType[13] = -1
05-16 09:05:10.236   518   608 D GainTableParamParser: updateRingbackVol()
05-16 09:05:10.236   518   608 D AudioMTKGainController: mMixer = 0xe6b081c0
05-16 09:05:10.236   518   608 D         : appOpsGetInstance(), init AppOps struct, lib is libaudio_param_parser-vnd.so
05-16 09:05:10.236   518   608 D AudioALSAHardware: AudioALSAHardware()
05-16 09:05:10.237   518   608 D aurisys_controller: init_aurisys_controller(+)
05-16 09:05:10.244   518   608 D aurisys_config_parser: parse_aurisys_config(), "/system/vendor/etc/aurisys_config.xml"
05-16 09:05:10.247   518   608 D aurisys_config_parser: dump_scene_lib_table(+)
05-16 09:05:10.248   518   608 D aurisys_config_parser: aurisys_scenario 0
05-16 09:05:10.248   518   608 D aurisys_config_parser: downlink_library_name_list name mtk_bessound
05-16 09:05:10.248   518   608 D aurisys_config_parser: => DL have not apply gain to library
05-16 09:05:10.248   518   608 D aurisys_config_parser: aurisys_scenario 1
05-16 09:05:10.248   518   608 D aurisys_config_parser: downlink_library_name_list name mtk_bessound
05-16 09:05:10.248   518   608 D aurisys_config_parser: => DL have not apply gain to library
05-16 09:05:10.248   518   608 D aurisys_config_parser: aurisys_scenario 2
05-16 09:05:10.248   518   608 D aurisys_config_parser: uplink_library_name_list name mtk_speech_enh
05-16 09:05:10.248   518   608 D aurisys_config_parser: => UL apply gain to mtk_speech_enh
05-16 09:05:10.248   518   608 D aurisys_config_parser: aurisys_scenario 3
05-16 09:05:10.248   518   608 D aurisys_config_parser: uplink_library_name_list name mtk_speech_enh
05-16 09:05:10.248   518   608 D aurisys_config_parser: => UL apply gain to mtk_speech_enh
05-16 09:05:10.248   518   608 D aurisys_config_parser: aurisys_scenario 4
05-16 09:05:10.248   518   608 D aurisys_config_parser: uplink_library_name_list name mtk_speech_enh
05-16 09:05:10.248   518   608 D aurisys_config_parser: => UL apply gain to mtk_speech_enh
05-16 09:05:10.248   518   608 D aurisys_config_parser: aurisys_scenario 5
05-16 09:05:10.248   518   608 D aurisys_config_parser: uplink_library_name_list name mtk_speech_enh
05-16 09:05:10.248   518   608 D aurisys_config_parser: => UL apply gain to mtk_speech_enh
05-16 09:05:10.248   518   608 D aurisys_config_parser: downlink_library_name_list name mtk_speech_enh
05-16 09:05:10.248   518   608 D aurisys_config_parser: => DL apply gain to mtk_speech_enh
05-16 09:05:10.248   518   608 D aurisys_config_parser: aurisys_scenario 6
05-16 09:05:10.248   518   608 D aurisys_config_parser: uplink_library_name_list name mtk_speech_enh
05-16 09:05:10.248   518   608 D aurisys_config_parser: => UL apply gain to mtk_speech_enh
05-16 09:05:10.248   518   608 D aurisys_config_parser: downlink_library_name_list name mtk_speech_enh
05-16 09:05:10.248   518   608 D aurisys_config_parser: => DL apply gain to mtk_speech_enh
05-16 09:05:10.248   518   608 D aurisys_config_parser: dump_scene_lib_table(-)
05-16 09:05:10.256   568   568 I wmt_launcher: set property(vendor.connsys.formeta.ready) to yes succeed
05-16 09:05:10.257   568   568 I wmt_launcher: create pwr on thread ok
05-16 09:05:10.257   568   627 I wmt_launcher: enter power on connsys flow
05-16 09:05:10.257   568   568 I wmt_launcher: (persist.vendor.connsys.fwlog.status) is not supported
05-16 09:05:10.266   518   518 I HwBinder:518_1: type=1400 audit(0.0:15): avc: denied { read } for name="boot_mode" dev="sysfs" ino=21342 scontext=u:r:mtk_hal_audio:s0 tcontext=u:object_r:sysfs_boot_mode:s0 tclass=file permissive=1
05-16 09:05:10.270   518   608 D aurisys_config_parser: dump_library_config(+)
05-16 09:05:10.270   518   608 D aurisys_config_parser: library name mtk_bessound
05-16 09:05:10.270   518   608 D aurisys_config_parser: lib_version: "1399"
05-16 09:05:10.270   518   608 D aurisys_config_parser: aurisys_scenario 0
05-16 09:05:10.270   518   608 D aurisys_config_parser: aurisys_scenario 1
05-16 09:05:10.270   518   608 D aurisys_config_parser: library name mtk_iir
05-16 09:05:10.270   518   608 D aurisys_config_parser: lib_version: "iir Soft. Version 1.0.28, 2017-06-09"
05-16 09:05:10.270   518   608 D aurisys_config_parser: aurisys_scenario 2
05-16 09:05:10.270   518   608 D aurisys_config_parser: aurisys_scenario 3
05-16 09:05:10.270   518   608 D aurisys_config_parser: aurisys_scenario 4
05-16 09:05:10.270   518   608 D aurisys_config_parser: aurisys_scenario 5
05-16 09:05:10.270   518   608 D aurisys_config_parser: aurisys_scenario 6
05-16 09:05:10.270   518   608 D aurisys_config_parser: library name mtk_speech_enh
05-16 09:05:10.270   518   608 D aurisys_config_parser: lib_version: "MTK_SP1 Soft. Version 1.1.11, 2018-05-02"
05-16 09:05:10.270   518   608 D aurisys_config_parser: aurisys_scenario 2
05-16 09:05:10.270   518   608 D aurisys_config_parser: aurisys_scenario 3
05-16 09:05:10.270   518   608 D aurisys_config_parser: aurisys_scenario 4
05-16 09:05:10.270   518   608 D aurisys_config_parser: aurisys_scenario 5
05-16 09:05:10.270   518   608 D aurisys_config_parser: aurisys_scenario 6
05-16 09:05:10.270   518   608 D aurisys_config_parser: dump_library_config(-)
05-16 09:05:10.271   518   608 D aurisys_controller: init_aurisys_controller(-)
05-16 09:05:10.271   518   608 D SpeechDriverFactory: SpeechDriverFactory(), isMD1Supported = 12
05-16 09:05:10.272   518   608 D AudioUtility: bootMode = 0
05-16 09:05:10.272   518   608 D AudioUtility: Unsupported factory mode!
05-16 09:05:10.272   518   608 D SpeechDriverFactory: Create SpeechDriverNormal for MODEM_1
05-16 09:05:10.273   518   608 D         : CleanGainValueAndMuteStatus(), mUplinkMuteOn 0
05-16 09:05:10.273   518   608 D SpeechExtMemCCCI: SpeechExtMemCCCI()
05-16 09:05:10.273   518   608 W SpeechMessengerNormal: checkCcciStatusAndRecovery() mCcciDeviceHandler: -1
05-16 09:05:10.273   518   608 D SpeechMessengerNormal: openCcciDriver(), ccci_md: 0, dev_name: "/dev/ccci_aud", mCcciDeviceHandler: 19
05-16 09:05:10.273   518   608 W SpeechMessengerNormal: checkCcciStatusAndRecovery() mCcciShareMemoryHandler: -1
05-16 09:05:10.273   518   608 D ccci_lib: mmap on /dev/ccci_raw_audio(20) for addr=0x7201b000, len=53248
05-16 09:05:10.273   518   608 D SpeechExtMemCCCI: openShareMemory(), ccci_md: 0, mCcciShareMemoryHandler: 20, mShareMemoryBase: 0xe89a6000, mShareMemoryLength: 53248 , get share momoey address time: 0 ms
05-16 09:05:10.273   518   608 W SpeechMessengerNormal: checkModemReady(), modem_status 0 != MODEM_STATUS_READY
05-16 09:05:10.274   518   629 W SpeechMessengerNormal: formatShareMemoryThread(), #0 checkModemReady fail...
05-16 09:05:10.274   518   608 D SpeechEnhancementController: mSpeechEnhancementMask: main_func = 0xffbf, sub_func = 0xffffff9e
05-16 09:05:10.274   518   608 D SpeechEnhancementController: GetBtHeadsetNrecOn(), mBtHeadsetNrecOn = 1
05-16 09:05:10.275   518   608 D AudioEventThreadManager: registerCallback(), audioEventType=1, callbackFunc = 0xe743d2a0
05-16 09:05:10.275   518   608 D AudioEventThreadManager: AudioEventThread(), audioEventType = 1
05-16 09:05:10.275   518   608 D AudioEventThreadManager: registerCallback(), add new audioEventType=1, callbackFunc = 0xe743d2a0
05-16 09:05:10.275   518   608 W SpeechDriverFactory: Create SpeechDriverDummy for MODEM_2
05-16 09:05:10.275   518   608 D         : CleanGainValueAndMuteStatus(), mUplinkMuteOn 0
05-16 09:05:10.275   518   608 W SpeechDriverDummy: SpeechDriverDummy(), modem_index = 1
05-16 09:05:10.275   518   608 W SpeechDriverFactory: Create SpeechDriverDummy for MODEM_EXTERNAL
05-16 09:05:10.275   518   608 D         : CleanGainValueAndMuteStatus(), mUplinkMuteOn 0
05-16 09:05:10.275   518   608 W SpeechDriverDummy: SpeechDriverDummy(), modem_index = 2
05-16 09:05:10.275   518   608 D SpeechDriverFactory: -SpeechDriverFactory(), mActiveModemIndex = 0
05-16 09:05:10.276   518   608 D AudioALSAFMController: AudioALSAFMController()
05-16 09:05:10.276   518   608 D         : appOpsGetInstance(), init AppOps struct, lib is libaudio_param_parser-vnd.so
05-16 09:05:10.276   518   608 D AudioALSAStreamManager: AudioALSAStreamManager()
05-16 09:05:10.282   628   633 D agps    : [WLAN-ASSISTANT] Running wlan_files_monitor
05-16 09:05:10.282   628   628 D wlan-assistant: add no timeout event, sock=6
05-16 09:05:10.283   628   633 D agps    : [WLAN-ASSISTANT] custom nvram filename = /mnt/vendor/nvdata/APCFG/APRDEB/WIFI
05-16 09:05:10.283   628   633 D agps    : [WLAN-ASSISTANT] nvram_path_file = /mnt/vendor/nvdata/APCFG/APRDEB/WIFI, nvrma_file = WIFI
05-16 09:05:10.285   518   608 D AudioALSAStreamManager: firstboot 1 mBesLoudnessStatus 1
05-16 09:05:10.285   518   608 D AudioEventThreadManager: registerCallback(), audioEventType=0, callbackFunc = 0xe7520508
05-16 09:05:10.285   518   608 D AudioEventThreadManager: AudioEventThread(), audioEventType = 0
05-16 09:05:10.285   518   608 D AudioEventThreadManager: registerCallback(), add new audioEventType=0, callbackFunc = 0xe7520508
05-16 09:05:10.285   518   608 D AudioUtility: getPowerHal(), get PowerHal Service
05-16 09:05:10.288   518   608 D AudioUtility: getPowerHal(), Link to death notification successfully
05-16 09:05:10.288   518   608 D AudioALSAParamTuner: getInstance(), create AudioALSAParamTuner instance --
05-16 09:05:10.288   518   608 D AudioALSAParamTuner: +AudioALSAParamTuner()
05-16 09:05:10.288   518   608 D AudioCustParam: GetVolumeVer1ParamFromNV 
05-16 09:05:10.288   518   608 D AudioCustParam: checkNvramReady(), property_get("vendor.service.nvram_init") = , read_nvram_ready_retry = 1
05-16 09:05:10.367   558   558 I ccci_mdinit: (1):check_nvram_ready(), property_get("vendor.service.nvram_init") = , read_nvram_ready_retry = 3
05-16 09:05:10.374   518   629 W SpeechMessengerNormal: formatShareMemoryThread(), #1 checkModemReady fail...
05-16 09:05:10.474   518   629 W SpeechMessengerNormal: formatShareMemoryThread(), #2 checkModemReady fail...
05-16 09:05:10.575   518   629 W SpeechMessengerNormal: formatShareMemoryThread(), #3 checkModemReady fail...
05-16 09:05:10.592   553   586 E SurfaceFlinger: ro.sf.lcd_density must be defined as a build property
05-16 09:05:10.606   618   637 D libEGL  : loaded /vendor/lib64/egl/libEGL_mtk.so
05-16 09:05:10.627   618   637 D PQ      : [PQ_PROT] [PQCust] libpq_cust_base.so OK, libpq_cust.so absent
05-16 09:05:10.633   618   637 D libEGL  : loaded /vendor/lib64/egl/libGLESv1_CM_mtk.so
05-16 09:05:10.675   518   629 W SpeechMessengerNormal: formatShareMemoryThread(), #4 checkModemReady fail...
05-16 09:05:10.718   618   637 D libEGL  : loaded /vendor/lib64/egl/libGLESv2_mtk.so
05-16 09:05:10.775   518   629 W SpeechMessengerNormal: formatShareMemoryThread(), #5 checkModemReady fail...
05-16 09:05:10.788   518   608 D AudioCustParam: checkNvramReady(), property_get("vendor.service.nvram_init") = , read_nvram_ready_retry = 2
05-16 09:05:10.790   618   637 I ConfigStore: android::hardware::configstore::V1_0::ISurfaceFlingerConfigs::hasWideColorDisplay retrieved: 0
05-16 09:05:10.790   618   637 I ConfigStore: android::hardware::configstore::V1_0::ISurfaceFlingerConfigs::hasHDRDisplay retrieved: 0
05-16 09:05:10.807   618   637 E ion     : ioctl c0044901 failed with code -1: Invalid argument
05-16 09:05:10.867   558   558 I ccci_mdinit: (1):check_nvram_ready(), property_get("vendor.service.nvram_init") = , read_nvram_ready_retry = 4
05-16 09:05:10.875   518   629 W SpeechMessengerNormal: formatShareMemoryThread(), #6 checkModemReady fail...
05-16 09:05:10.905   618   637 D BootAnimation: BootAnimationShownTiming start time: 13919ms
05-16 09:05:10.949   553   553 I SurfaceFlinger: Enter boot animation
05-16 09:05:10.952   528   597 E ion     : ioctl c0044901 failed with code -1: Invalid argument
05-16 09:05:10.976   518   629 W SpeechMessengerNormal: formatShareMemoryThread(), #7 checkModemReady fail...
05-16 09:05:11.076   518   629 W SpeechMessengerNormal: formatShareMemoryThread(), #8 checkModemReady fail...
05-16 09:05:11.176   518   629 W SpeechMessengerNormal: formatShareMemoryThread(), #9 checkModemReady fail...
05-16 09:05:11.276   518   629 W SpeechMessengerNormal: formatShareMemoryThread(), #10 checkModemReady fail...
05-16 09:05:11.283   628   633 D agps    : [WLAN-ASSISTANT] nvram size = 1024
05-16 09:05:11.285   628   633 D agps    : [WLAN-ASSISTANT] Unable to access mac file
05-16 09:05:11.288   518   608 D AudioCustParam: checkNvramReady(), property_get("vendor.service.nvram_init") = , read_nvram_ready_retry = 3
05-16 09:05:11.367   558   558 I ccci_mdinit: (1):check_nvram_ready(), property_get("vendor.service.nvram_init") = , read_nvram_ready_retry = 5
05-16 09:05:11.377   518   629 W SpeechMessengerNormal: formatShareMemoryThread(), #11 checkModemReady fail...
05-16 09:05:11.477   518   629 W SpeechMessengerNormal: formatShareMemoryThread(), #12 checkModemReady fail...
05-16 09:05:11.577   518   629 W SpeechMessengerNormal: formatShareMemoryThread(), #13 checkModemReady fail...
05-16 09:05:11.666   642   642 I getprop : type=1400 audit(0.0:17): avc: denied { open } for path="/dev/__properties__/u:object_r:atci_sys_prop:s0" dev="tmpfs" ino=49 scontext=u:r:shell:s0 tcontext=u:object_r:atci_sys_prop:s0 tclass=file permissive=1
05-16 09:05:11.666   642   642 I getprop : type=1400 audit(0.0:18): avc: denied { getattr } for path="/dev/__properties__/u:object_r:atci_sys_prop:s0" dev="tmpfs" ino=49 scontext=u:r:shell:s0 tcontext=u:object_r:atci_sys_prop:s0 tclass=file permissive=1
05-16 09:05:11.666   642   642 I getprop : type=1400 audit(0.0:19): avc: denied { open } for path="/dev/__properties__/u:object_r:atm_ipaddr_prop:s0" dev="tmpfs" ino=50 scontext=u:r:shell:s0 tcontext=u:object_r:atm_ipaddr_prop:s0 tclass=file permissive=1
05-16 09:05:11.666   642   642 I getprop : type=1400 audit(0.0:20): avc: denied { getattr } for path="/dev/__properties__/u:object_r:atm_ipaddr_prop:s0" dev="tmpfs" ino=50 scontext=u:r:shell:s0 tcontext=u:object_r:atm_ipaddr_prop:s0 tclass=file permissive=1
05-16 09:05:11.666   642   642 I getprop : type=1400 audit(0.0:21): avc: denied { open } for path="/dev/__properties__/u:object_r:atm_mdmode_prop:s0" dev="tmpfs" ino=51 scontext=u:r:shell:s0 tcontext=u:object_r:atm_mdmode_prop:s0 tclass=file permissive=1
05-16 09:05:11.677   518   629 W SpeechMessengerNormal: formatShareMemoryThread(), #14 checkModemReady fail...
05-16 09:05:11.778   518   629 W SpeechMessengerNormal: formatShareMemoryThread(), #15 checkModemReady fail...
05-16 09:05:11.789   518   608 D AudioCustParam: checkNvramReady(), property_get("vendor.service.nvram_init") = , read_nvram_ready_retry = 4
05-16 09:05:11.867   558   558 I ccci_mdinit: (1):check_nvram_ready(), property_get("vendor.service.nvram_init") = , read_nvram_ready_retry = 6
05-16 09:05:11.878   518   629 W SpeechMessengerNormal: formatShareMemoryThread(), #16 checkModemReady fail...
05-16 09:05:11.978   518   629 W SpeechMessengerNormal: formatShareMemoryThread(), #17 checkModemReady fail...
05-16 09:05:12.079   518   629 W SpeechMessengerNormal: formatShareMemoryThread(), #18 checkModemReady fail...
05-16 09:05:12.179   518   629 W SpeechMessengerNormal: formatShareMemoryThread(), #19 checkModemReady fail...
05-16 09:05:12.258   568   568 I wmt_launcher: (persist.vendor.connsys.fwlog.status) is not supported
05-16 09:05:12.279   518   629 W SpeechMessengerNormal: formatShareMemoryThread(), #20 checkModemReady fail...
05-16 09:05:12.289   518   608 D AudioCustParam: checkNvramReady(), property_get("vendor.service.nvram_init") = , read_nvram_ready_retry = 5
05-16 09:05:12.368   558   558 I ccci_mdinit: (1):check_nvram_ready(), property_get("vendor.service.nvram_init") = , read_nvram_ready_retry = 7
05-16 09:05:12.379   518   629 W SpeechMessengerNormal: formatShareMemoryThread(), #21 checkModemReady fail...
05-16 09:05:12.480   518   629 W SpeechMessengerNormal: formatShareMemoryThread(), #22 checkModemReady fail...
05-16 09:05:12.580   518   629 W SpeechMessengerNormal: formatShareMemoryThread(), #23 checkModemReady fail...
05-16 09:05:12.680   518   629 W SpeechMessengerNormal: formatShareMemoryThread(), #24 checkModemReady fail...
05-16 09:05:12.781   518   629 W SpeechMessengerNormal: formatShareMemoryThread(), #25 checkModemReady fail...
05-16 09:05:12.789   518   608 D AudioCustParam: checkNvramReady(), property_get("vendor.service.nvram_init") = , read_nvram_ready_retry = 6
05-16 09:05:12.868   558   558 I ccci_mdinit: (1):check_nvram_ready(), property_get("vendor.service.nvram_init") = , read_nvram_ready_retry = 8
05-16 09:05:12.881   518   629 W SpeechMessengerNormal: formatShareMemoryThread(), #26 checkModemReady fail...
05-16 09:05:12.981   518   629 W SpeechMessengerNormal: formatShareMemoryThread(), #27 checkModemReady fail...
05-16 09:05:13.082   518   629 W SpeechMessengerNormal: formatShareMemoryThread(), #28 checkModemReady fail...
05-16 09:05:13.182   518   629 W SpeechMessengerNormal: formatShareMemoryThread(), #29 checkModemReady fail...
05-16 09:05:13.282   518   629 W SpeechMessengerNormal: formatShareMemoryThread(), #30 checkModemReady fail...
05-16 09:05:13.290   518   608 D AudioCustParam: checkNvramReady(), property_get("vendor.service.nvram_init") = , read_nvram_ready_retry = 7
05-16 09:05:13.368   558   558 I ccci_mdinit: (1):check_nvram_ready(), property_get("vendor.service.nvram_init") = , read_nvram_ready_retry = 9
05-16 09:05:13.382   518   629 W SpeechMessengerNormal: formatShareMemoryThread(), #31 checkModemReady fail...
05-16 09:05:13.483   518   629 W SpeechMessengerNormal: formatShareMemoryThread(), #32 checkModemReady fail...
05-16 09:05:13.583   518   629 W SpeechMessengerNormal: formatShareMemoryThread(), #33 checkModemReady fail...
05-16 09:05:13.683   518   629 W SpeechMessengerNormal: formatShareMemoryThread(), #34 checkModemReady fail...
05-16 09:05:13.783   518   629 W SpeechMessengerNormal: formatShareMemoryThread(), #35 checkModemReady fail...
05-16 09:05:13.790   518   608 D AudioCustParam: checkNvramReady(), property_get("vendor.service.nvram_init") = , read_nvram_ready_retry = 8
05-16 09:05:13.869   558   558 I ccci_mdinit: (1):check_nvram_ready(), property_get("vendor.service.nvram_init") = , read_nvram_ready_retry = 10
05-16 09:05:13.884   518   629 W SpeechMessengerNormal: formatShareMemoryThread(), #36 checkModemReady fail...
05-16 09:05:13.984   518   629 W SpeechMessengerNormal: formatShareMemoryThread(), #37 checkModemReady fail...
05-16 09:05:14.085   518   629 W SpeechMessengerNormal: formatShareMemoryThread(), #38 checkModemReady fail...
05-16 09:05:14.185   518   629 W SpeechMessengerNormal: formatShareMemoryThread(), #39 checkModemReady fail...
05-16 09:05:14.258   568   568 I wmt_launcher: (persist.vendor.connsys.fwlog.status) is not supported
05-16 09:05:14.285   518   629 W SpeechMessengerNormal: formatShareMemoryThread(), #40 checkModemReady fail...
05-16 09:05:14.290   518   608 D AudioCustParam: checkNvramReady(), property_get("vendor.service.nvram_init") = , read_nvram_ready_retry = 9
05-16 09:05:14.369   558   558 I ccci_mdinit: (1):check_nvram_ready(), property_get("vendor.service.nvram_init") = , read_nvram_ready_retry = 11
05-16 09:05:14.386   518   629 W SpeechMessengerNormal: formatShareMemoryThread(), #41 checkModemReady fail...
05-16 09:05:14.486   518   629 W SpeechMessengerNormal: formatShareMemoryThread(), #42 checkModemReady fail...
05-16 09:05:14.586   518   629 W SpeechMessengerNormal: formatShareMemoryThread(), #43 checkModemReady fail...
05-16 09:05:14.687   518   629 W SpeechMessengerNormal: formatShareMemoryThread(), #44 checkModemReady fail...
05-16 09:05:14.787   518   629 W SpeechMessengerNormal: formatShareMemoryThread(), #45 checkModemReady fail...
05-16 09:05:14.790   518   608 D AudioCustParam: checkNvramReady(), property_get("vendor.service.nvram_init") = , read_nvram_ready_retry = 10
05-16 09:05:14.869   558   558 I ccci_mdinit: (1):check_nvram_ready(), property_get("vendor.service.nvram_init") = , read_nvram_ready_retry = 12
05-16 09:05:14.887   518   629 W SpeechMessengerNormal: formatShareMemoryThread(), #46 checkModemReady fail...
05-16 09:05:14.988   518   629 W SpeechMessengerNormal: formatShareMemoryThread(), #47 checkModemReady fail...
05-16 09:05:15.088   518   629 W SpeechMessengerNormal: formatShareMemoryThread(), #48 checkModemReady fail...
05-16 09:05:15.188   518   629 W SpeechMessengerNormal: formatShareMemoryThread(), #49 checkModemReady fail...
05-16 09:05:15.288   518   629 W SpeechMessengerNormal: formatShareMemoryThread(), #50 checkModemReady fail...
05-16 09:05:15.291   518   608 D AudioCustParam: checkNvramReady(), property_get("vendor.service.nvram_init") = , read_nvram_ready_retry = 11
05-16 09:05:15.305   557   557 E ccci_fsd(3): fail to open /dev/ccci3_fs: 2
05-16 09:05:15.370   558   558 I ccci_mdinit: (1):check_nvram_ready(), property_get("vendor.service.nvram_init") = , read_nvram_ready_retry = 13
05-16 09:05:15.389   518   629 W SpeechMessengerNormal: formatShareMemoryThread(), #51 checkModemReady fail...
05-16 09:05:15.489   518   629 W SpeechMessengerNormal: formatShareMemoryThread(), #52 checkModemReady fail...
05-16 09:05:15.589   518   629 W SpeechMessengerNormal: formatShareMemoryThread(), #53 checkModemReady fail...
05-16 09:05:15.690   518   629 W SpeechMessengerNormal: formatShareMemoryThread(), #54 checkModemReady fail...
05-16 09:05:15.746   689   689 I getprop : type=1400 audit(0.0:225): avc: denied { open } for path="/dev/__properties__/u:object_r:atci_sys_prop:s0" dev="tmpfs" ino=49 scontext=u:r:shell:s0 tcontext=u:object_r:atci_sys_prop:s0 tclass=file permissive=1
05-16 09:05:15.746   689   689 I getprop : type=1400 audit(0.0:226): avc: denied { getattr } for path="/dev/__properties__/u:object_r:atci_sys_prop:s0" dev="tmpfs" ino=49 scontext=u:r:shell:s0 tcontext=u:object_r:atci_sys_prop:s0 tclass=file permissive=1
05-16 09:05:15.746   689   689 I getprop : type=1400 audit(0.0:227): avc: denied { open } for path="/dev/__properties__/u:object_r:bluetooth_prop:s0" dev="tmpfs" ino=54 scontext=u:r:shell:s0 tcontext=u:object_r:bluetooth_prop:s0 tclass=file permissive=1
05-16 09:05:15.746   689   689 I getprop : type=1400 audit(0.0:228): avc: denied { getattr } for path="/dev/__properties__/u:object_r:bluetooth_prop:s0" dev="tmpfs" ino=54 scontext=u:r:shell:s0 tcontext=u:object_r:bluetooth_prop:s0 tclass=file permissive=1
05-16 09:05:15.746   689   689 I getprop : type=1400 audit(0.0:229): avc: denied { open } for path="/dev/__properties__/u:object_r:bootani_prop:s0" dev="tmpfs" ino=55 scontext=u:r:shell:s0 tcontext=u:object_r:bootani_prop:s0 tclass=file permissive=1
05-16 09:05:15.790   518   629 W SpeechMessengerNormal: formatShareMemoryThread(), #55 checkModemReady fail...
05-16 09:05:15.791   518   608 D AudioCustParam: checkNvramReady(), property_get("vendor.service.nvram_init") = , read_nvram_ready_retry = 12
05-16 09:05:15.870   558   558 I ccci_mdinit: (1):check_nvram_ready(), property_get("vendor.service.nvram_init") = , read_nvram_ready_retry = 14
05-16 09:05:15.884   693   693 W cmd     : Can't find service window
05-16 09:05:15.890   518   629 W SpeechMessengerNormal: formatShareMemoryThread(), #56 checkModemReady fail...
05-16 09:05:15.990   518   629 W SpeechMessengerNormal: formatShareMemoryThread(), #57 checkModemReady fail...
05-16 09:05:16.006   697   697 W cmd     : Can't find service window
